Component: ARM Compiler 5.06 update 7 (build 960) Tool: armlink [4d3601]

==============================================================================

Section Cross References

    main.o(i.FindHID_IN_Endeps) refers to ch57x_usbhostclass.o(.bss) for Com_Buffer
    main.o(i.FindHID_IN_Endeps) refers to ch57x_usbhostbase.o(.bss) for ThisUsbDev
    main.o(i.HID_GetReportDescr) refers to ch57x_usbhostbase.o(i.CopySetupReqPkg) for CopySetupReqPkg
    main.o(i.HID_GetReportDescr) refers to ch57x_usbhostbase.o(i.HostCtrlTransfer) for HostCtrlTransfer
    main.o(i.HID_GetReportDescr) refers to ch57x_usbhostbase.o(.data) for pHOST_TX_RAM_Addr
    main.o(i.HID_GetReportDescr) refers to ch57x_usbhostclass.o(.bss) for Com_Buffer
    main.o(i.HID_SetIdle) refers to ch57x_usbhostbase.o(i.CopySetupReqPkg) for CopySetupReqPkg
    main.o(i.HID_SetIdle) refers to ch57x_usbhostbase.o(i.HostCtrlTransfer) for HostCtrlTransfer
    main.o(i.HID_SetIdle) refers to ch57x_usbhostbase.o(.data) for pHOST_TX_RAM_Addr
    main.o(i.HID_SetProtocol) refers to ch57x_usbhostbase.o(i.CopySetupReqPkg) for CopySetupReqPkg
    main.o(i.HID_SetProtocol) refers to ch57x_usbhostbase.o(i.HostCtrlTransfer) for HostCtrlTransfer
    main.o(i.HID_SetProtocol) refers to ch57x_usbhostbase.o(.data) for pHOST_TX_RAM_Addr
    main.o(i.PollKeyboard) refers to ch57x_usbhostbase.o(i.USBHostTransact) for USBHostTransact
    main.o(i.PollKeyboard) refers to main.o(i.up_puts) for up_puts
    main.o(i.PollKeyboard) refers to main.o(i.scancode_to_str) for scancode_to_str
    main.o(i.PollKeyboard) refers to main.o(i.up_puthex) for up_puthex
    main.o(i.PollKeyboard) refers to ch57x_usbhostbase.o(.bss) for ThisUsbDev
    main.o(i.PollKeyboard) refers to main.o(.data) for diag_poll
    main.o(i.PollKeyboard) refers to main.o(.bss) for RxBuffer
    main.o(i.main) refers to ch57x_clk.o(i.SetSysClock) for SetSysClock
    main.o(i.main) refers to ch57x_pwr.o(i.PWR_UnitModCfg) for PWR_UnitModCfg
    main.o(i.main) refers to ch57x_sys.o(i.mDelaymS) for mDelaymS
    main.o(i.main) refers to ch57x_gpio.o(i.GPIOA_ModeCfg) for GPIOA_ModeCfg
    main.o(i.main) refers to ch57x_uart1.o(i.UART1_DefInit) for UART1_DefInit
    main.o(i.main) refers to main.o(i.up_puts) for up_puts
    main.o(i.main) refers to ch57x_usbhostbase.o(i.USB_HostInit) for USB_HostInit
    main.o(i.main) refers to ch57x_usbhostbase.o(i.AnalyzeRootHub) for AnalyzeRootHub
    main.o(i.main) refers to ch57x_usbhostclass.o(i.InitRootDevice) for InitRootDevice
    main.o(i.main) refers to main.o(i.up_printf) for up_printf
    main.o(i.main) refers to main.o(i.FindHID_IN_Endeps) for FindHID_IN_Endeps
    main.o(i.main) refers to main.o(i.HID_GetReportDescr) for HID_GetReportDescr
    main.o(i.main) refers to main.o(i.HID_SetProtocol) for HID_SetProtocol
    main.o(i.main) refers to main.o(i.HID_SetIdle) for HID_SetIdle
    main.o(i.main) refers to main.o(i.PollKeyboard) for PollKeyboard
    main.o(i.main) refers to main.o(i.up_putdec) for up_putdec
    main.o(i.main) refers to main.o(.bss) for RxBuffer
    main.o(i.main) refers to ch57x_usbhostbase.o(.data) for pHOST_RX_RAM_Addr
    main.o(i.main) refers to ch57x_usbhostbase.o(.bss) for ThisUsbDev
    main.o(i.main) refers to main.o(.data) for sec
    main.o(i.scancode_to_str) refers to main.o(i.__ARM_common_switch8) for __ARM_common_switch8
    main.o(i.up_printf) refers to main.o(i.putc1) for putc1
    main.o(i.up_printf) refers to main.o(i.up_puts) for up_puts
    main.o(i.up_printf) refers to main.o(i.up_putdec) for up_putdec
    main.o(i.up_printf) refers to main.o(i.up_puthex) for up_puthex
    main.o(i.up_putdec) refers to uidiv.o(.text) for __aeabi_uidivmod
    main.o(i.up_putdec) refers to main.o(i.up_puts) for up_puts
    main.o(i.up_puthex) refers to main.o(i.up_puts) for up_puts
    main.o(i.up_puthex) refers to main.o(.constdata) for hx
    main.o(i.up_puts) refers to main.o(i.putc1) for putc1
    ch57x_adc.o(i.ADC_GetCurrentTS) refers to idiv.o(.text) for __aeabi_idivmod
    ch57x_clk.o(i.Calibration_LSI) refers to uidiv.o(.text) for __aeabi_uidivmod
    ch57x_clk.o(i.Calibration_LSI) refers to idiv.o(.text) for __aeabi_idivmod
    ch57x_clk.o(i.GetSysClock) refers to idiv.o(.text) for __aeabi_idivmod
    ch57x_clk.o(i.LClk32K_Select) refers to ch57x_clk.o(i.LClk32k_Power) for LClk32k_Power
    ch57x_clk.o(i.RTC_GetTime) refers to idiv.o(.text) for __aeabi_idivmod
    ch57x_clk.o(i.RTC_GetTime) refers to uidiv.o(.text) for __aeabi_uidivmod
    ch57x_clk.o(i.RTC_InitTime) refers to idiv.o(.text) for __aeabi_idivmod
    ch57x_clk.o(i.RTC_TRIGFunCfg) refers to ch57x_clk.o(i.RTC_GetCycle32k) for RTC_GetCycle32k
    ch57x_clk.o(i.SetSysClock) refers to main.o(i.__ARM_common_switch8) for __ARM_common_switch8
    ch57x_clk.o(i.SetSysClock) refers to ch57x_clk.o(i.LClk32K_Select) for LClk32K_Select
    ch57x_clk.o(i.SetSysClock) refers to ch57x_clk.o(i.SYS_IsClkXT32MPon) for SYS_IsClkXT32MPon
[...]
    ch57x_usbdev.o(i.USB_DeviceInit) refers to ch57x_usbdev.o(.data) for pEP0_RAM_Addr
    ch57x_usbhostbase.o(i.AnalyzeRootHub) refers to ch57x_usbhostbase.o(i.DisableRootHubPort) for DisableRootHubPort
    ch57x_usbhostbase.o(i.AnalyzeRootHub) refers to printf8.o(i.__0printf$8) for __2printf
    ch57x_usbhostbase.o(i.AnalyzeRootHub) refers to ch57x_usbhostbase.o(.bss) for ThisUsbDev
    ch57x_usbhostbase.o(i.CopySetupReqPkg) refers to ch57x_usbhostbase.o(.data) for pHOST_TX_RAM_Addr
    ch57x_usbhostbase.o(i.CtrlClearEndpStall) refers to ch57x_usbhostbase.o(i.CopySetupReqPkg) for CopySetupReqPkg
    ch57x_usbhostbase.o(i.CtrlClearEndpStall) refers to ch57x_usbhostbase.o(i.HostCtrlTransfer) for HostCtrlTransfer
    ch57x_usbhostbase.o(i.CtrlClearEndpStall) refers to ch57x_usbhostbase.o(.constdata) for SetupClrEndpStall
    ch57x_usbhostbase.o(i.CtrlClearEndpStall) refers to ch57x_usbhostbase.o(.data) for pHOST_TX_RAM_Addr
    ch57x_usbhostbase.o(i.CtrlGetConfigDescr) refers to ch57x_usbhostbase.o(i.CopySetupReqPkg) for CopySetupReqPkg
    ch57x_usbhostbase.o(i.CtrlGetConfigDescr) refers to ch57x_usbhostbase.o(i.HostCtrlTransfer) for HostCtrlTransfer
    ch57x_usbhostbase.o(i.CtrlGetConfigDescr) refers to ch57x_usbhostbase.o(.constdata) for SetupGetCfgDescr
    ch57x_usbhostbase.o(i.CtrlGetConfigDescr) refers to ch57x_usbhostclass.o(.bss) for Com_Buffer
    ch57x_usbhostbase.o(i.CtrlGetConfigDescr) refers to ch57x_usbhostbase.o(.data) for pHOST_TX_RAM_Addr
    ch57x_usbhostbase.o(i.CtrlGetDeviceDescr) refers to ch57x_usbhostbase.o(i.CopySetupReqPkg) for CopySetupReqPkg
    ch57x_usbhostbase.o(i.CtrlGetDeviceDescr) refers to ch57x_usbhostbase.o(i.HostCtrlTransfer) for HostCtrlTransfer
    ch57x_usbhostbase.o(i.CtrlGetDeviceDescr) refers to ch57x_usbhostbase.o(.data) for UsbDevEndp0Size
    ch57x_usbhostbase.o(i.CtrlGetDeviceDescr) refers to ch57x_usbhostbase.o(.constdata) for SetupGetDevDescr
    ch57x_usbhostbase.o(i.CtrlGetDeviceDescr) refers to ch57x_usbhostclass.o(.bss) for Com_Buffer
    ch57x_usbhostbase.o(i.CtrlSetUsbAddress) refers to ch57x_usbhostbase.o(i.CopySetupReqPkg) for CopySetupReqPkg
    ch57x_usbhostbase.o(i.CtrlSetUsbAddress) refers to ch57x_usbhostbase.o(i.HostCtrlTransfer) for HostCtrlTransfer
    ch57x_usbhostbase.o(i.CtrlSetUsbAddress) refers to ch57x_usbhostbase.o(i.SetHostUsbAddr) for SetHostUsbAddr
    ch57x_usbhostbase.o(i.CtrlSetUsbAddress) refers to ch57x_sys.o(i.mDelaymS) for mDelaymS
    ch57x_usbhostbase.o(i.CtrlSetUsbAddress) refers to ch57x_usbhostbase.o(.constdata) for SetupSetUsbAddr
    ch57x_usbhostbase.o(i.CtrlSetUsbAddress) refers to ch57x_usbhostbase.o(.data) for pHOST_TX_RAM_Addr
    ch57x_usbhostbase.o(i.CtrlSetUsbConfig) refers to ch57x_usbhostbase.o(i.CopySetupReqPkg) for CopySetupReqPkg
    ch57x_usbhostbase.o(i.CtrlSetUsbConfig) refers to ch57x_usbhostbase.o(i.HostCtrlTransfer) for HostCtrlTransfer
    ch57x_usbhostbase.o(i.CtrlSetUsbConfig) refers to ch57x_usbhostbase.o(.constdata) for SetupSetUsbConfig
    ch57x_usbhostbase.o(i.CtrlSetUsbConfig) refers to ch57x_usbhostbase.o(.data) for pHOST_TX_RAM_Addr
    ch57x_usbhostbase.o(i.CtrlSetUsbIntercace) refers to ch57x_usbhostbase.o(i.CopySetupReqPkg) for CopySetupReqPkg
    ch57x_usbhostbase.o(i.CtrlSetUsbIntercace) refers to ch57x_usbhostbase.o(i.HostCtrlTransfer) for HostCtrlTransfer
    ch57x_usbhostbase.o(i.CtrlSetUsbIntercace) refers to ch57x_usbhostbase.o(.constdata) for SetupSetUsbInterface
    ch57x_usbhostbase.o(i.CtrlSetUsbIntercace) refers to ch57x_usbhostbase.o(.data) for pHOST_TX_RAM_Addr
    ch57x_usbhostbase.o(i.DisableRootHubPort) refers to ch57x_usbhostbase.o(.bss) for ThisUsbDev
    ch57x_usbhostbase.o(i.EnableRootHubPort) refers to ch57x_usbhostbase.o(.bss) for ThisUsbDev
    ch57x_usbhostbase.o(i.HostCtrlTransfer) refers to ch57x_sys.o(i.mDelayuS) for mDelayuS
    ch57x_usbhostbase.o(i.HostCtrlTransfer) refers to ch57x_usbhostbase.o(i.USBHostTransact) for USBHostTransact
    ch57x_usbhostbase.o(i.HostCtrlTransfer) refers to ch57x_usbhostbase.o(.data) for pHOST_TX_RAM_Addr
    ch57x_usbhostbase.o(i.ResetRootHubPort) refers to ch57x_usbhostbase.o(i.SetHostUsbAddr) for SetHostUsbAddr
    ch57x_usbhostbase.o(i.ResetRootHubPort) refers to ch57x_usbhostbase.o(i.SetUsbSpeed) for SetUsbSpeed
    ch57x_usbhostbase.o(i.ResetRootHubPort) refers to ch57x_sys.o(i.mDelaymS) for mDelaymS
    ch57x_usbhostbase.o(i.ResetRootHubPort) refers to ch57x_sys.o(i.mDelayuS) for mDelayuS
    ch57x_usbhostbase.o(i.ResetRootHubPort) refers to ch57x_usbhostbase.o(.data) for UsbDevEndp0Size
    ch57x_usbhostbase.o(i.USBHostTransact) refers to ch57x_usbhostbase.o(i.AnalyzeRootHub) for AnalyzeRootHub
    ch57x_usbhostbase.o(i.USBHostTransact) refers to ch57x_sys.o(i.mDelayuS) for mDelayuS
    ch57x_usbhostbase.o(i.USBHostTransact) refers to ch57x_usbhostbase.o(.data) for FoundNewDev
    ch57x_usbhostbase.o(i.USBHostTransact) refers to ch57x_usbhostbase.o(.bss) for ThisUsbDev
    ch57x_usbhostbase.o(i.USB_HostInit) refers to ch57x_usbhostbase.o(i.DisableRootHubPort) for DisableRootHubPort
    ch57x_usbhostbase.o(i.USB_HostInit) refers to ch57x_usbhostbase.o(.data) for pHOST_RX_RAM_Addr
    ch57x_usbhostclass.o(i.CtrlGetHIDDeviceReport) refers to ch57x_usbhostbase.o(i.CopySetupReqPkg) for CopySetupReqPkg
    ch57x_usbhostclass.o(i.CtrlGetHIDDeviceReport) refers to ch57x_usbhostbase.o(i.HostCtrlTransfer) for HostCtrlTransfer
    ch57x_usbhostclass.o(i.CtrlGetHIDDeviceReport) refers to ch57x_usbhostclass.o(.constdata) for SetupSetHIDIdle
    ch57x_usbhostclass.o(i.CtrlGetHIDDeviceReport) refers to ch57x_usbhostbase.o(.data) for pHOST_TX_RAM_Addr
    ch57x_usbhostclass.o(i.CtrlGetHIDDeviceReport) refers to ch57x_usbhostclass.o(.bss) for Com_Buffer
    ch57x_usbhostclass.o(i.CtrlGetHubDescr) refers to ch57x_usbhostbase.o(i.CopySetupReqPkg) for CopySetupReqPkg
    ch57x_usbhostclass.o(i.CtrlGetHubDescr) refers to ch57x_usbhostbase.o(i.HostCtrlTransfer) for HostCtrlTransfer
    ch57x_usbhostclass.o(i.CtrlGetHubDescr) refers to ch57x_usbhostclass.o(.constdata) for SetupGetHubDescr
    ch57x_usbhostclass.o(i.CtrlGetHubDescr) refers to ch57x_usbhostclass.o(.bss) for Com_Buffer
    ch57x_usbhostclass.o(i.HubClearPortFeature) refers to ch57x_usbhostbase.o(i.HostCtrlTransfer) for HostCtrlTransfer
    ch57x_usbhostclass.o(i.HubClearPortFeature) refers to ch57x_usbhostbase.o(.data) for pHOST_TX_RAM_Addr
    ch57x_usbhostclass.o(i.HubGetPortStatus) refers to ch57x_usbhostbase.o(i.HostCtrlTransfer) for HostCtrlTransfer
    ch57x_usbhostclass.o(i.HubGetPortStatus) refers to ch57x_usbhostbase.o(.data) for pHOST_TX_RAM_Addr
    ch57x_usbhostclass.o(i.HubGetPortStatus) refers to ch57x_usbhostclass.o(.bss) for Com_Buffer
    ch57x_usbhostclass.o(i.HubSetPortFeature) refers to ch57x_usbhostbase.o(i.HostCtrlTransfer) for HostCtrlTransfer
    ch57x_usbhostclass.o(i.HubSetPortFeature) refers to ch57x_usbhostbase.o(.data) for pHOST_TX_RAM_Addr
    ch57x_usbhostclass.o(i.InitRootDevice) refers to printf8.o(i.__0printf$8) for __2printf
    ch57x_usbhostclass.o(i.InitRootDevice) refers to ch57x_usbhostbase.o(i.ResetRootHubPort) for ResetRootHubPort
    ch57x_usbhostclass.o(i.InitRootDevice) refers to ch57x_sys.o(i.mDelaymS) for mDelaymS
    ch57x_usbhostclass.o(i.InitRootDevice) refers to ch57x_usbhostbase.o(i.EnableRootHubPort) for EnableRootHubPort
    ch57x_usbhostclass.o(i.InitRootDevice) refers to ch57x_usbhostbase.o(i.DisableRootHubPort) for DisableRootHubPort
    ch57x_usbhostclass.o(i.InitRootDevice) refers to ch57x_usbhostbase.o(i.SetUsbSpeed) for SetUsbSpeed
    ch57x_usbhostclass.o(i.InitRootDevice) refers to ch57x_usbhostbase.o(i.CtrlGetDeviceDescr) for CtrlGetDeviceDescr
    ch57x_usbhostclass.o(i.InitRootDevice) refers to ch57x_usbhostbase.o(i.CtrlSetUsbAddress) for CtrlSetUsbAddress
    ch57x_usbhostclass.o(i.InitRootDevice) refers to ch57x_usbhostbase.o(i.CtrlGetConfigDescr) for CtrlGetConfigDescr
    ch57x_usbhostclass.o(i.InitRootDevice) refers to ch57x_usbhostbase.o(i.CtrlSetUsbConfig) for CtrlSetUsbConfig
    ch57x_usbhostclass.o(i.InitRootDevice) refers to ch57x_usbhostclass.o(i.CtrlGetHubDescr) for CtrlGetHubDescr
    ch57x_usbhostclass.o(i.InitRootDevice) refers to ch57x_usbhostbase.o(.bss) for ThisUsbDev
    ch57x_usbhostclass.o(i.InitRootDevice) refers to ch57x_usbhostclass.o(.bss) for Com_Buffer
    ch57x_usbhostclass.o(i.InitRootDevice) refers to ch57x_usbhostbase.o(.constdata) for SetupGetDevDescr
    startup_armcm0.o(RESET) refers to startup_armcm0.o(.text) for Reset_Handler
    startup_armcm0.o(RESET) refers to ch57x_int.o(i.NMI_Handler) for NMI_Handler
    startup_armcm0.o(.text) refers to ch57x_clk.o(i.SystemInit) for SystemInit
    startup_armcm0.o(.text) refers to entry.o(.ARM.Collect$$$$00000000) for __main
    ch579ufi.o(i.CH579DiskConnect) refers to ch57x_usbhostclass.o(i.HubGetPortStatus) for HubGetPortStatus
    ch579ufi.o(i.CH579DiskConnect) refers to ch57x_usbhostclass.o(i.HubClearPortFeature) for HubClearPortFeature
    ch579ufi.o(i.CH579DiskConnect) refers to CH579MAI.o(.data) for CH579DiskStatus
    ch579ufi.o(i.CH579DiskConnect) refers to main.o(.bss) for TxBuffer
    ch579ufi.o(i.CH579LibInit) refers to CH579MAI.o(.text) for CH579GetVer
    ch579ufi.o(i.CH579LibInit) refers to CH579MAI.o(.data) for CH579DiskStatus
    ch579ufi.o(i.CH579ReadSector) refers to uwrite4.o(.text) for __aeabi_uwrite4
    ch579ufi.o(i.CH579ReadSector) refers to CH579MAI.o(.text) for CH579BulkOnlyCmd
    ch579ufi.o(i.CH579ReadSector) refers to CH579MAI.o(.data) for CH579vSectorSizeB
    ch579ufi.o(i.CH579ReadSector) refers to main.o(.bss) for TxBuffer
    ch579ufi.o(i.CH579WriteSector) refers to uwrite4.o(.text) for __aeabi_uwrite4
    ch579ufi.o(i.CH579WriteSector) refers to CH579MAI.o(.text) for CH579BulkOnlyCmd
    ch579ufi.o(i.CH579WriteSector) refers to ch57x_sys.o(i.mDelayuS) for mDelayuS
    ch579ufi.o(i.CH579WriteSector) refers to CH579MAI.o(.data) for CH579vSectorSizeB
    ch579ufi.o(i.CH579WriteSector) refers to main.o(.bss) for TxBuffer
    CH579MAI.o(.text) refers to ch579ufi.o(i.CH579ReadSector) for CH579ReadSector
    CH579MAI.o(.text) refers to ch579ufi.o(i.CH579WriteSector) for CH579WriteSector
    CH579MAI.o(.text) refers to ch579ufi.o(i.CH579DiskConnect) for CH579DiskConnect
    CH579MAI.o(.text) refers to CH579MAI.o(.data) for .data
    CH579MAI.o(.text) refers to ch57x_sys.o(i.mDelaymS) for mDelaymS
    CH579MAI.o(.text) refers to ch57x_usbhostbase.o(i.CopySetupReqPkg) for CopySetupReqPkg
    CH579MAI.o(.text) refers to ch57x_usbhostbase.o(i.HostCtrlTransfer) for HostCtrlTransfer
    CH579MAI.o(.text) refers to ch57x_usbhostbase.o(i.CtrlClearEndpStall) for CtrlClearEndpStall
    CH579MAI.o(.text) refers to uwrite4.o(.text) for __aeabi_uwrite4
    CH579MAI.o(.text) refers to ch57x_usbhostbase.o(i.USBHostTransact) for USBHostTransact
    CH579MAI.o(.text) refers to uread4.o(.text) for __aeabi_uread4
    CH579MAI.o(.text) refers to ch57x_usbhostbase.o(i.CtrlGetConfigDescr) for CtrlGetConfigDescr
    CH579MAI.o(.text) refers to main.o(.bss) for TxBuffer
    CH579MAI.o(.text) refers to ch57x_usbhostbase.o(i.CtrlSetUsbConfig) for CtrlSetUsbConfig
    CH579MAI.o(.text) refers to ch579ufi.o(.bss) for mCmdParam
    CH579MAI.o(.text) refers to ch579ufi.o(i.xFileNameEnumer) for xFileNameEnumer
    entry.o(.ARM.Collect$$$$00000000) refers (Special) to entry10a.o(.ARM.Collect$$$$0000000F) for __rt_final_cpp
    entry.o(.ARM.Collect$$$$00000000) refers (Special) to entry11a.o(.ARM.Collect$$$$00000011) for __rt_final_exit
    entry.o(.ARM.Collect$$$$00000000) refers (Special) to entry12b.o(.ARM.Collect$$$$0000000E) for __rt_lib_shutdown_fini
    entry.o(.ARM.Collect$$$$00000000) refers (Special) to entry7b.o(.ARM.Collect$$$$00000008) for _main_clock
    entry.o(.ARM.Collect$$$$00000000) refers (Special) to entry8b.o(.ARM.Collect$$$$0000000A) for _main_cpp_init
    entry.o(.ARM.Collect$$$$00000000) refers (Special) to entry9a.o(.ARM.Collect$$$$0000000B) for _main_init
    entry.o(.ARM.Collect$$$$00000000) refers (Special) to entry5.o(.ARM.Collect$$$$00000004) for _main_scatterload
    entry.o(.ARM.Collect$$$$00000000) refers (Special) to entry2.o(.ARM.Collect$$$$00000001) for _main_stk
    idiv.o(.text) refers to uidiv.o(.text) for __aeabi_uidivmod
    printfb.o(i.__0fprintf$bare) refers to printfb.o(i._printf_core) for _printf_core
    printfb.o(i.__0fprintf$bare) refers to ch57x_sys.o(i.fputc) for fputc
    printfb.o(i.__0printf$bare) refers to printfb.o(i._printf_core) for _printf_core
    printfb.o(i.__0printf$bare) refers to ch57x_sys.o(i.fputc) for fputc
    printfb.o(i.__0printf$bare) refers to stdout.o(.data) for __stdout
    printfb.o(i.__0snprintf$bare) refers to printfb.o(i._printf_core) for _printf_core
    printfb.o(i.__0snprintf$bare) refers to printfb.o(i._snputc) for _snputc
    printfb.o(i.__0sprintf$bare) refers to printfb.o(i._printf_core) for _printf_core
    printfb.o(i.__0sprintf$bare) refers to printfb.o(i._sputc) for _sputc
    printfb.o(i.__0vfprintf$bare) refers to printfb.o(i._printf_core) for _printf_core
    printfb.o(i.__0vfprintf$bare) refers to ch57x_sys.o(i.fputc) for fputc
    printfb.o(i.__0vprintf$bare) refers to printfb.o(i._printf_core) for _printf_core
    printfb.o(i.__0vprintf$bare) refers to ch57x_sys.o(i.fputc) for fputc
    printfb.o(i.__0vprintf$bare) refers to stdout.o(.data) for __stdout
    printfb.o(i.__0vsnprintf$bare) refers to printfb.o(i._printf_core) for _printf_core
    printfb.o(i.__0vsnprintf$bare) refers to printfb.o(i._snputc) for _snputc
    printfb.o(i.__0vsprintf$bare) refers to printfb.o(i._printf_core) for _printf_core
    printfb.o(i.__0vsprintf$bare) refers to printfb.o(i._sputc) for _sputc
    printf0.o(i.__0fprintf$0) refers to printf0.o(i._printf_core) for _printf_core
    printf0.o(i.__0fprintf$0) refers to ch57x_sys.o(i.fputc) for fputc
    printf0.o(i.__0printf$0) refers to printf0.o(i._printf_core) for _printf_core
    printf0.o(i.__0printf$0) refers to ch57x_sys.o(i.fputc) for fputc
    printf0.o(i.__0printf$0) refers to stdout.o(.data) for __stdout
    printf0.o(i.__0snprintf$0) refers to printf0.o(i._printf_core) for _printf_core
    printf0.o(i.__0snprintf$0) refers to printf0.o(i._snputc) for _snputc
    printf0.o(i.__0sprintf$0) refers to printf0.o(i._printf_core) for _printf_core
    printf0.o(i.__0sprintf$0) refers to printf0.o(i._sputc) for _sputc
    printf0.o(i.__0vfprintf$0) refers to printf0.o(i._printf_core) for _printf_core
    printf0.o(i.__0vfprintf$0) refers to ch57x_sys.o(i.fputc) for fputc
    printf0.o(i.__0vprintf$0) refers to printf0.o(i._printf_core) for _printf_core
    printf0.o(i.__0vprintf$0) refers to ch57x_sys.o(i.fputc) for fputc
    printf0.o(i.__0vprintf$0) refers to stdout.o(.data) for __stdout
    printf0.o(i.__0vsnprintf$0) refers to printf0.o(i._printf_core) for _printf_core
    printf0.o(i.__0vsnprintf$0) refers to printf0.o(i._snputc) for _snputc
    printf0.o(i.__0vsprintf$0) refers to printf0.o(i._printf_core) for _printf_core
    printf0.o(i.__0vsprintf$0) refers to printf0.o(i._sputc) for _sputc
    printf1.o(i.__0fprintf$1) refers to printf1.o(i._printf_core) for _printf_core
    printf1.o(i.__0fprintf$1) refers to ch57x_sys.o(i.fputc) for fputc
    printf1.o(i.__0printf$1) refers to printf1.o(i._printf_core) for _printf_core
    printf1.o(i.__0printf$1) refers to ch57x_sys.o(i.fputc) for fputc
    printf1.o(i.__0printf$1) refers to stdout.o(.data) for __stdout
    printf1.o(i.__0snprintf$1) refers to printf1.o(i._printf_core) for _printf_core
    printf1.o(i.__0snprintf$1) refers to printf1.o(i._snputc) for _snputc
    printf1.o(i.__0sprintf$1) refers to printf1.o(i._printf_core) for _printf_core
    printf1.o(i.__0sprintf$1) refers to printf1.o(i._sputc) for _sputc
    printf1.o(i.__0vfprintf$1) refers to printf1.o(i._printf_core) for _printf_core
    printf1.o(i.__0vfprintf$1) refers to ch57x_sys.o(i.fputc) for fputc
    printf1.o(i.__0vprintf$1) refers to printf1.o(i._printf_core) for _printf_core
    printf1.o(i.__0vprintf$1) refers to ch57x_sys.o(i.fputc) for fputc
    printf1.o(i.__0vprintf$1) refers to stdout.o(.data) for __stdout
    printf1.o(i.__0vsnprintf$1) refers to printf1.o(i._printf_core) for _printf_core
    printf1.o(i.__0vsnprintf$1) refers to printf1.o(i._snputc) for _snputc
    printf1.o(i.__0vsprintf$1) refers to printf1.o(i._printf_core) for _printf_core
    printf1.o(i.__0vsprintf$1) refers to printf1.o(i._sputc) for _sputc
    printf1.o(i._printf_core) refers to uidiv.o(.text) for __aeabi_uidivmod
    printf2.o(i.__0fprintf$2) refers to printf2.o(i._printf_core) for _printf_core
    printf2.o(i.__0fprintf$2) refers to ch57x_sys.o(i.fputc) for fputc
    printf2.o(i.__0printf$2) refers to printf2.o(i._printf_core) for _printf_core
    printf2.o(i.__0printf$2) refers to ch57x_sys.o(i.fputc) for fputc
    printf2.o(i.__0printf$2) refers to stdout.o(.data) for __stdout
    printf2.o(i.__0snprintf$2) refers to printf2.o(i._printf_core) for _printf_core
    printf2.o(i.__0snprintf$2) refers to printf2.o(i._snputc) for _snputc
    printf2.o(i.__0sprintf$2) refers to printf2.o(i._printf_core) for _printf_core
    printf2.o(i.__0sprintf$2) refers to printf2.o(i._sputc) for _sputc
    printf2.o(i.__0vfprintf$2) refers to printf2.o(i._printf_core) for _printf_core
    printf2.o(i.__0vfprintf$2) refers to ch57x_sys.o(i.fputc) for fputc
    printf2.o(i.__0vprintf$2) refers to printf2.o(i._printf_core) for _printf_core
    printf2.o(i.__0vprintf$2) refers to ch57x_sys.o(i.fputc) for fputc
    printf2.o(i.__0vprintf$2) refers to stdout.o(.data) for __stdout
    printf2.o(i.__0vsnprintf$2) refers to printf2.o(i._printf_core) for _printf_core
    printf2.o(i.__0vsnprintf$2) refers to printf2.o(i._snputc) for _snputc
    printf2.o(i.__0vsprintf$2) refers to printf2.o(i._printf_core) for _printf_core
    printf2.o(i.__0vsprintf$2) refers to printf2.o(i._sputc) for _sputc
    printf3.o(i.__0fprintf$3) refers to printf3.o(i._printf_core) for _printf_core
    printf3.o(i.__0fprintf$3) refers to ch57x_sys.o(i.fputc) for fputc
    printf3.o(i.__0printf$3) refers to printf3.o(i._printf_core) for _printf_core
    printf3.o(i.__0printf$3) refers to ch57x_sys.o(i.fputc) for fputc
    printf3.o(i.__0printf$3) refers to stdout.o(.data) for __stdout
    printf3.o(i.__0snprintf$3) refers to printf3.o(i._printf_core) for _printf_core
    printf3.o(i.__0snprintf$3) refers to printf3.o(i._snputc) for _snputc
    printf3.o(i.__0sprintf$3) refers to printf3.o(i._printf_core) for _printf_core
    printf3.o(i.__0sprintf$3) refers to printf3.o(i._sputc) for _sputc
    printf3.o(i.__0vfprintf$3) refers to printf3.o(i._printf_core) for _printf_core
    printf3.o(i.__0vfprintf$3) refers to ch57x_sys.o(i.fputc) for fputc
    printf3.o(i.__0vprintf$3) refers to printf3.o(i._printf_core) for _printf_core
    printf3.o(i.__0vprintf$3) refers to ch57x_sys.o(i.fputc) for fputc
    printf3.o(i.__0vprintf$3) refers to stdout.o(.data) for __stdout
    printf3.o(i.__0vsnprintf$3) refers to printf3.o(i._printf_core) for _printf_core
    printf3.o(i.__0vsnprintf$3) refers to printf3.o(i._snputc) for _snputc
    printf3.o(i.__0vsprintf$3) refers to printf3.o(i._printf_core) for _printf_core
    printf3.o(i.__0vsprintf$3) refers to printf3.o(i._sputc) for _sputc
    printf3.o(i._printf_core) refers to uidiv.o(.text) for __aeabi_uidivmod
    printf4.o(i.__0fprintf$4) refers to printf4.o(i._printf_core) for _printf_core
    printf4.o(i.__0fprintf$4) refers to ch57x_sys.o(i.fputc) for fputc
    printf4.o(i.__0printf$4) refers to printf4.o(i._printf_core) for _printf_core
    printf4.o(i.__0printf$4) refers to ch57x_sys.o(i.fputc) for fputc
    printf4.o(i.__0printf$4) refers to stdout.o(.data) for __stdout
    printf4.o(i.__0snprintf$4) refers to printf4.o(i._printf_core) for _printf_core
    printf4.o(i.__0snprintf$4) refers to printf4.o(i._snputc) for _snputc
    printf4.o(i.__0sprintf$4) refers to printf4.o(i._printf_core) for _printf_core
    printf4.o(i.__0sprintf$4) refers to printf4.o(i._sputc) for _sputc
    printf4.o(i.__0vfprintf$4) refers to printf4.o(i._printf_core) for _printf_core
    printf4.o(i.__0vfprintf$4) refers to ch57x_sys.o(i.fputc) for fputc
    printf4.o(i.__0vprintf$4) refers to printf4.o(i._printf_core) for _printf_core
    printf4.o(i.__0vprintf$4) refers to ch57x_sys.o(i.fputc) for fputc
    printf4.o(i.__0vprintf$4) refers to stdout.o(.data) for __stdout
    printf4.o(i.__0vsnprintf$4) refers to printf4.o(i._printf_core) for _printf_core
    printf4.o(i.__0vsnprintf$4) refers to printf4.o(i._snputc) for _snputc
    printf4.o(i.__0vsprintf$4) refers to printf4.o(i._printf_core) for _printf_core
    printf4.o(i.__0vsprintf$4) refers to printf4.o(i._sputc) for _sputc
    printf4.o(i._printf_core) refers to uldiv.o(.text) for __aeabi_uldivmod
    printf5.o(i.__0fprintf$5) refers to printf5.o(i._printf_core) for _printf_core
    printf5.o(i.__0fprintf$5) refers to ch57x_sys.o(i.fputc) for fputc
    printf5.o(i.__0printf$5) refers to printf5.o(i._printf_core) for _printf_core
    printf5.o(i.__0printf$5) refers to ch57x_sys.o(i.fputc) for fputc
    printf5.o(i.__0printf$5) refers to stdout.o(.data) for __stdout
    printf5.o(i.__0snprintf$5) refers to printf5.o(i._printf_core) for _printf_core
    printf5.o(i.__0snprintf$5) refers to printf5.o(i._snputc) for _snputc
    printf5.o(i.__0sprintf$5) refers to printf5.o(i._printf_core) for _printf_core
    printf5.o(i.__0sprintf$5) refers to printf5.o(i._sputc) for _sputc
    printf5.o(i.__0vfprintf$5) refers to printf5.o(i._printf_core) for _printf_core
    printf5.o(i.__0vfprintf$5) refers to ch57x_sys.o(i.fputc) for fputc
    printf5.o(i.__0vprintf$5) refers to printf5.o(i._printf_core) for _printf_core
    printf5.o(i.__0vprintf$5) refers to ch57x_sys.o(i.fputc) for fputc
    printf5.o(i.__0vprintf$5) refers to stdout.o(.data) for __stdout
    printf5.o(i.__0vsnprintf$5) refers to printf5.o(i._printf_core) for _printf_core
    printf5.o(i.__0vsnprintf$5) refers to printf5.o(i._snputc) for _snputc
    printf5.o(i.__0vsprintf$5) refers to printf5.o(i._printf_core) for _printf_core
    printf5.o(i.__0vsprintf$5) refers to printf5.o(i._sputc) for _sputc
    printf5.o(i._printf_core) refers to uldiv.o(.text) for __aeabi_uldivmod
    printf6.o(i.__0fprintf$6) refers to printf6.o(i._printf_core) for _printf_core
    printf6.o(i.__0fprintf$6) refers to ch57x_sys.o(i.fputc) for fputc
    printf6.o(i.__0printf$6) refers to printf6.o(i._printf_core) for _printf_core
    printf6.o(i.__0printf$6) refers to ch57x_sys.o(i.fputc) for fputc
    printf6.o(i.__0printf$6) refers to stdout.o(.data) for __stdout
    printf6.o(i.__0snprintf$6) refers to printf6.o(i._printf_core) for _printf_core
    printf6.o(i.__0snprintf$6) refers to printf6.o(i._snputc) for _snputc
    printf6.o(i.__0sprintf$6) refers to printf6.o(i._printf_core) for _printf_core
    printf6.o(i.__0sprintf$6) refers to printf6.o(i._sputc) for _sputc
    printf6.o(i.__0vfprintf$6) refers to printf6.o(i._printf_core) for _printf_core
    printf6.o(i.__0vfprintf$6) refers to ch57x_sys.o(i.fputc) for fputc
    printf6.o(i.__0vprintf$6) refers to printf6.o(i._printf_core) for _printf_core
    printf6.o(i.__0vprintf$6) refers to ch57x_sys.o(i.fputc) for fputc
    printf6.o(i.__0vprintf$6) refers to stdout.o(.data) for __stdout
    printf6.o(i.__0vsnprintf$6) refers to printf6.o(i._printf_core) for _printf_core
    printf6.o(i.__0vsnprintf$6) refers to printf6.o(i._snputc) for _snputc
    printf6.o(i.__0vsprintf$6) refers to printf6.o(i._printf_core) for _printf_core
    printf6.o(i.__0vsprintf$6) refers to printf6.o(i._sputc) for _sputc
    printf6.o(i._printf_core) refers to printf6.o(i._printf_pre_padding) for _printf_pre_padding
    printf6.o(i._printf_core) refers to printf6.o(i._printf_post_padding) for _printf_post_padding
    printf6.o(i._printf_core) refers to uidiv.o(.text) for __aeabi_uidivmod
    printf7.o(i.__0fprintf$7) refers to printf7.o(i._printf_core) for _printf_core
    printf7.o(i.__0fprintf$7) refers to ch57x_sys.o(i.fputc) for fputc
    printf7.o(i.__0printf$7) refers to printf7.o(i._printf_core) for _printf_core
    printf7.o(i.__0printf$7) refers to ch57x_sys.o(i.fputc) for fputc
    printf7.o(i.__0printf$7) refers to stdout.o(.data) for __stdout
    printf7.o(i.__0snprintf$7) refers to printf7.o(i._printf_core) for _printf_core
    printf7.o(i.__0snprintf$7) refers to printf7.o(i._snputc) for _snputc
    printf7.o(i.__0sprintf$7) refers to printf7.o(i._printf_core) for _printf_core
    printf7.o(i.__0sprintf$7) refers to printf7.o(i._sputc) for _sputc
    printf7.o(i.__0vfprintf$7) refers to printf7.o(i._printf_core) for _printf_core
    printf7.o(i.__0vfprintf$7) refers to ch57x_sys.o(i.fputc) for fputc
    printf7.o(i.__0vprintf$7) refers to printf7.o(i._printf_core) for _printf_core
    printf7.o(i.__0vprintf$7) refers to ch57x_sys.o(i.fputc) for fputc
    printf7.o(i.__0vprintf$7) refers to stdout.o(.data) for __stdout
    printf7.o(i.__0vsnprintf$7) refers to printf7.o(i._printf_core) for _printf_core
    printf7.o(i.__0vsnprintf$7) refers to printf7.o(i._snputc) for _snputc
    printf7.o(i.__0vsprintf$7) refers to printf7.o(i._printf_core) for _printf_core
    printf7.o(i.__0vsprintf$7) refers to printf7.o(i._sputc) for _sputc
    printf7.o(i._printf_core) refers to printf7.o(i._printf_pre_padding) for _printf_pre_padding
    printf7.o(i._printf_core) refers to printf7.o(i._printf_post_padding) for _printf_post_padding
    printf7.o(i._printf_core) refers to uldiv.o(.text) for __aeabi_uldivmod
    printf8.o(i.__0fprintf$8) refers to printf8.o(i._printf_core) for _printf_core
    printf8.o(i.__0fprintf$8) refers to ch57x_sys.o(i.fputc) for fputc
    printf8.o(i.__0printf$8) refers to printf8.o(i._printf_core) for _printf_core
    printf8.o(i.__0printf$8) refers to ch57x_sys.o(i.fputc) for fputc
    printf8.o(i.__0printf$8) refers to stdout.o(.data) for __stdout
    printf8.o(i.__0snprintf$8) refers to printf8.o(i._printf_core) for _printf_core
    printf8.o(i.__0snprintf$8) refers to printf8.o(i._snputc) for _snputc
    printf8.o(i.__0sprintf$8) refers to printf8.o(i._printf_core) for _printf_core
    printf8.o(i.__0sprintf$8) refers to printf8.o(i._sputc) for _sputc
    printf8.o(i.__0vfprintf$8) refers to printf8.o(i._printf_core) for _printf_core
    printf8.o(i.__0vfprintf$8) refers to ch57x_sys.o(i.fputc) for fputc
    printf8.o(i.__0vprintf$8) refers to printf8.o(i._printf_core) for _printf_core
    printf8.o(i.__0vprintf$8) refers to ch57x_sys.o(i.fputc) for fputc
    printf8.o(i.__0vprintf$8) refers to stdout.o(.data) for __stdout
    printf8.o(i.__0vsnprintf$8) refers to printf8.o(i._printf_core) for _printf_core
    printf8.o(i.__0vsnprintf$8) refers to printf8.o(i._snputc) for _snputc
    printf8.o(i.__0vsprintf$8) refers to printf8.o(i._printf_core) for _printf_core
    printf8.o(i.__0vsprintf$8) refers to printf8.o(i._sputc) for _sputc
    printf8.o(i._printf_core) refers to printf8.o(i._printf_pre_padding) for _printf_pre_padding
    printf8.o(i._printf_core) refers to printf8.o(i._printf_post_padding) for _printf_post_padding
    printf8.o(i._printf_core) refers to uldiv.o(.text) for __aeabi_uldivmod
    printfa.o(i.__0fprintf) refers (Special) to iusefp.o(.text) for __I$use$fp
    printfa.o(i.__0fprintf) refers to printfa.o(i._printf_core) for _printf_core
    printfa.o(i.__0fprintf) refers to ch57x_sys.o(i.fputc) for fputc
    printfa.o(i.__0printf) refers (Special) to iusefp.o(.text) for __I$use$fp
    printfa.o(i.__0printf) refers to printfa.o(i._printf_core) for _printf_core
    printfa.o(i.__0printf) refers to ch57x_sys.o(i.fputc) for fputc
    printfa.o(i.__0printf) refers to stdout.o(.data) for __stdout
    printfa.o(i.__0snprintf) refers (Special) to iusefp.o(.text) for __I$use$fp
    printfa.o(i.__0snprintf) refers to printfa.o(i._printf_core) for _printf_core
    printfa.o(i.__0snprintf) refers to printfa.o(i._snputc) for _snputc
    printfa.o(i.__0sprintf) refers (Special) to iusefp.o(.text) for __I$use$fp
    printfa.o(i.__0sprintf) refers to printfa.o(i._printf_core) for _printf_core
    printfa.o(i.__0sprintf) refers to printfa.o(i._sputc) for _sputc
    printfa.o(i.__0vfprintf) refers (Special) to iusefp.o(.text) for __I$use$fp
    printfa.o(i.__0vfprintf) refers to printfa.o(i._printf_core) for _printf_core
    printfa.o(i.__0vfprintf) refers to ch57x_sys.o(i.fputc) for fputc
    printfa.o(i.__0vprintf) refers (Special) to iusefp.o(.text) for __I$use$fp
    printfa.o(i.__0vprintf) refers to printfa.o(i._printf_core) for _printf_core
    printfa.o(i.__0vprintf) refers to ch57x_sys.o(i.fputc) for fputc
    printfa.o(i.__0vprintf) refers to stdout.o(.data) for __stdout
    printfa.o(i.__0vsnprintf) refers (Special) to iusefp.o(.text) for __I$use$fp
    printfa.o(i.__0vsnprintf) refers to printfa.o(i._printf_core) for _printf_core
    printfa.o(i.__0vsnprintf) refers to printfa.o(i._snputc) for _snputc
    printfa.o(i.__0vsprintf) refers (Special) to iusefp.o(.text) for __I$use$fp
    printfa.o(i.__0vsprintf) refers to printfa.o(i._printf_core) for _printf_core
    printfa.o(i.__0vsprintf) refers to printfa.o(i._sputc) for _sputc
    printfa.o(i._fp_digits) refers (Special) to iusefp.o(.text) for __I$use$fp
    printfa.o(i._fp_digits) refers to dmul.o(.text) for __aeabi_dmul
    printfa.o(i._fp_digits) refers to ddiv.o(.text) for __aeabi_ddiv
    printfa.o(i._fp_digits) refers to cdrcmple.o(.text) for __aeabi_cdrcmple
    printfa.o(i._fp_digits) refers to dadd.o(.text) for __aeabi_dadd
    printfa.o(i._fp_digits) refers to dfixul.o(.text) for __aeabi_d2ulz
    printfa.o(i._fp_digits) refers to uldiv.o(.text) for __aeabi_uldivmod
    printfa.o(i._printf_core) refers (Special) to iusefp.o(.text) for __I$use$fp
    printfa.o(i._printf_core) refers to printfa.o(i._printf_pre_padding) for _printf_pre_padding
    printfa.o(i._printf_core) refers to uldiv.o(.text) for __aeabi_uldivmod
    printfa.o(i._printf_core) refers to printfa.o(i._printf_post_padding) for _printf_post_padding
    printfa.o(i._printf_core) refers to printfa.o(i._fp_digits) for _fp_digits
    printfa.o(i._printf_core) refers to uidiv.o(.text) for __aeabi_uidivmod
    printfa.o(i._printf_post_padding) refers (Special) to iusefp.o(.text) for __I$use$fp
    printfa.o(i._printf_pre_padding) refers (Special) to iusefp.o(.text) for __I$use$fp
    printfa.o(i._snputc) refers (Special) to iusefp.o(.text) for __I$use$fp
    printfa.o(i._sputc) refers (Special) to iusefp.o(.text) for __I$use$fp
    entry2.o(.ARM.Collect$$$$00000001) refers to entry2.o(.ARM.Collect$$$$00002712) for __lit__00000000
    entry2.o(__vectab_stack_and_reset_area) refers to entry.o(.ARM.Collect$$$$00000000) for __main
    entry5.o(.ARM.Collect$$$$00000004) refers to init.o(.text) for __scatterload
    entry9a.o(.ARM.Collect$$$$0000000B) refers to main.o(i.main) for main
    entry9b.o(.ARM.Collect$$$$0000000C) refers to main.o(i.main) for main
    uldiv.o(.text) refers to llushr.o(.text) for __aeabi_llsr
    uldiv.o(.text) refers to llshl.o(.text) for __aeabi_llsl
    dadd.o(.text) refers to llshl.o(.text) for __aeabi_llsl
    dadd.o(.text) refers to llsshr.o(.text) for __aeabi_lasr
    dadd.o(.text) refers to depilogue.o(.text) for _double_epilogue
    dmul.o(.text) refers to depilogue.o(.text) for _double_epilogue
    ddiv.o(.text) refers to depilogue.o(.text) for _double_round
    dfixul.o(.text) refers to llushr.o(.text) for __aeabi_llsr
    dfixul.o(.text) refers to llshl.o(.text) for __aeabi_llsl
    init.o(.text) refers to entry5.o(.ARM.Collect$$$$00000004) for __main_after_scatterload
    depilogue.o(.text) refers to depilogue.o(i.__ARM_clz) for __ARM_clz
    depilogue.o(.text) refers to llshl.o(.text) for __aeabi_llsl
    depilogue.o(.text) refers to llushr.o(.text) for __aeabi_llsr


==============================================================================

Removing Unused input sections from the image.

    Removing main.o(.rev16_text), (4 bytes).
    Removing main.o(.revsh_text), (4 bytes).
    Removing ch57x_adc.o(.rev16_text), (4 bytes).
    Removing ch57x_adc.o(.revsh_text), (4 bytes).
    Removing ch57x_adc.o(i.ADC_DataCalib_Fine), (140 bytes).
    Removing ch57x_adc.o(i.ADC_DataCalib_Rough), (132 bytes).
    Removing ch57x_adc.o(i.ADC_ExcutSingleConver), (36 bytes).
    Removing ch57x_adc.o(i.ADC_ExtDiffChSampInit), (20 bytes).
    Removing ch57x_adc.o(i.ADC_ExtSingleChSampInit), (20 bytes).
    Removing ch57x_adc.o(i.ADC_GetCurrentTS), (152 bytes).
    Removing ch57x_adc.o(i.ADC_InterBATSampInit), (16 bytes).
    Removing ch57x_adc.o(i.ADC_InterTSSampInit), (28 bytes).
    Removing ch57x_adc.o(i.TouchKey_ChSampInit), (16 bytes).
    Removing ch57x_adc.o(i.TouchKey_ExcutSingleConver), (40 bytes).
    Removing ch57x_clk.o(.rev16_text), (4 bytes).
    Removing ch57x_clk.o(.revsh_text), (4 bytes).
    Removing ch57x_clk.o(i.Calibration_LSI), (496 bytes).
    Removing ch57x_clk.o(i.HClk32M_Select), (64 bytes).
    Removing ch57x_clk.o(i.HSECFG_Capacitance), (40 bytes).
    Removing ch57x_clk.o(i.HSECFG_Current), (40 bytes).
    Removing ch57x_clk.o(i.LSECFG_Capacitance), (40 bytes).
    Removing ch57x_clk.o(i.LSECFG_Current), (44 bytes).
    Removing ch57x_clk.o(i.RTC_ClearITFlag), (36 bytes).
    Removing ch57x_clk.o(i.RTC_GetCycle32k), (20 bytes).
    Removing ch57x_clk.o(i.RTC_GetITFlag), (32 bytes).
    Removing ch57x_clk.o(i.RTC_GetTime), (476 bytes).
    Removing ch57x_clk.o(i.RTC_InitTime), (388 bytes).
    Removing ch57x_clk.o(i.RTC_ModeFunDisable), (56 bytes).
    Removing ch57x_clk.o(i.RTC_SetCycle32k), (80 bytes).
    Removing ch57x_clk.o(i.RTC_TMRFunCfg), (56 bytes).
    Removing ch57x_clk.o(i.RTC_TRIGFunCfg), (80 bytes).
    Removing ch57x_flash.o(.rev16_text), (4 bytes).
    Removing ch57x_flash.o(.revsh_text), (4 bytes).
    Removing ch57x_flash.o(i.FlashBlockErase), (324 bytes).
    Removing ch57x_flash.o(i.FlashWriteBuf), (380 bytes).
    Removing ch57x_flash.o(i.FlashWriteDW), (340 bytes).
    Removing ch57x_flash.o(i.GetMACAddress), (28 bytes).
    Removing ch57x_flash.o(i.GetUniqueID), (28 bytes).
    Removing ch57x_flash.o(.data), (2 bytes).
    Removing ch57x_gpio.o(.rev16_text), (4 bytes).
    Removing ch57x_gpio.o(.revsh_text), (4 bytes).
    Removing ch57x_gpio.o(i.GPIOAGPPCfg), (32 bytes).
    Removing ch57x_gpio.o(i.GPIOA_ITModeCfg), (120 bytes).
    Removing ch57x_gpio.o(i.GPIOB_ITModeCfg), (144 bytes).
    Removing ch57x_gpio.o(i.GPIOB_ModeCfg), (152 bytes).
    Removing ch57x_gpio.o(i.GPIOPinRemap), (32 bytes).
    Removing ch57x_int.o(.rev16_text), (4 bytes).
    Removing ch57x_int.o(.revsh_text), (4 bytes).
    Removing ch57x_int.o(i.LowPower_Halt_1), (140 bytes).
    Removing ch57x_int.o(i.LowPower_Halt_2), (184 bytes).
    Removing ch57x_int.o(i.LowPower_Shutdown), (208 bytes).
    Removing ch57x_int.o(i.LowPower_Sleep), (196 bytes).
    Removing ch57x_lcd.o(.rev16_text), (4 bytes).
    Removing ch57x_lcd.o(.revsh_text), (4 bytes).
    Removing ch57x_lcd.o(i.LCD_DefInit), (12 bytes).
    Removing ch57x_pwm.o(.rev16_text), (4 bytes).
    Removing ch57x_pwm.o(.revsh_text), (4 bytes).
    Removing ch57x_pwm.o(i.PWMX_ACTOUT), (92 bytes).
    Removing ch57x_pwm.o(i.PWMX_AlterOutCfg), (32 bytes).
    Removing ch57x_pwm.o(i.PWMX_CycleCfg), (156 bytes).
    Removing ch57x_pwr.o(.rev16_text), (4 bytes).
    Removing ch57x_pwr.o(.revsh_text), (4 bytes).
    Removing ch57x_pwr.o(i.EnterCodeUpgrade), (156 bytes).
    Removing ch57x_pwr.o(i.LowPower_Idle), (20 bytes).
    Removing ch57x_pwr.o(i.PWR_DCDCCfg), (116 bytes).
    Removing ch57x_pwr.o(i.PWR_PeriphClkCfg), (68 bytes).
    Removing ch57x_pwr.o(i.PWR_PeriphWakeUpCfg), (68 bytes).
    Removing ch57x_spi0.o(.rev16_text), (4 bytes).
    Removing ch57x_spi0.o(.revsh_text), (4 bytes).
    Removing ch57x_spi0.o(i.SPI0_CLKCfg), (40 bytes).
    Removing ch57x_spi0.o(i.SPI0_DataMode), (132 bytes).
    Removing ch57x_spi0.o(i.SPI0_MasterDMARecv), (72 bytes).
    Removing ch57x_spi0.o(i.SPI0_MasterDMATrans), (72 bytes).
    Removing ch57x_spi0.o(i.SPI0_MasterDefInit), (44 bytes).
    Removing ch57x_spi0.o(i.SPI0_MasterRecv), (56 bytes).
    Removing ch57x_spi0.o(i.SPI0_MasterRecvByte), (40 bytes).
    Removing ch57x_spi0.o(i.SPI0_MasterSendByte), (36 bytes).
    Removing ch57x_spi0.o(i.SPI0_MasterTrans), (68 bytes).
    Removing ch57x_spi0.o(i.SPI0_SlaveDMARecv), (72 bytes).
    Removing ch57x_spi0.o(i.SPI0_SlaveDMATrans), (72 bytes).
    Removing ch57x_spi0.o(i.SPI0_SlaveInit), (28 bytes).
    Removing ch57x_spi0.o(i.SPI0_SlaveRecv), (52 bytes).
    Removing ch57x_spi0.o(i.SPI0_SlaveRecvByte), (32 bytes).
    Removing ch57x_spi0.o(i.SPI0_SlaveSendByte), (32 bytes).
    Removing ch57x_spi0.o(i.SPI0_SlaveTrans), (64 bytes).
    Removing ch57x_spi1.o(.rev16_text), (4 bytes).
    Removing ch57x_spi1.o(.revsh_text), (4 bytes).
    Removing ch57x_spi1.o(i.SPI1_CLKCfg), (40 bytes).
    Removing ch57x_spi1.o(i.SPI1_DataMode), (132 bytes).
    Removing ch57x_spi1.o(i.SPI1_MasterDefInit), (44 bytes).
    Removing ch57x_spi1.o(i.SPI1_MasterRecv), (56 bytes).
    Removing ch57x_spi1.o(i.SPI1_MasterRecvByte), (40 bytes).
    Removing ch57x_spi1.o(i.SPI1_MasterSendByte), (36 bytes).
    Removing ch57x_spi1.o(i.SPI1_MasterTrans), (68 bytes).
    Removing ch57x_sys.o(.rev16_text), (4 bytes).
    Removing ch57x_sys.o(.revsh_text), (4 bytes).
    Removing ch57x_sys.o(i.SYS_DisableAllIrq), (24 bytes).
    Removing ch57x_sys.o(i.SYS_GetInfoSta), (32 bytes).
    Removing ch57x_sys.o(i.SYS_GetSysTickCnt), (12 bytes).
    Removing ch57x_sys.o(i.SYS_RecoverIrq), (12 bytes).
    Removing ch57x_sys.o(i.SYS_ResetExecute), (32 bytes).
    Removing ch57x_sys.o(i.WWDG_ClearFlag), (32 bytes).
    Removing ch57x_sys.o(i.WWDG_ITCfg), (52 bytes).
    Removing ch57x_sys.o(i.WWDG_ResetCfg), (52 bytes).
    Removing ch57x_timer0.o(.rev16_text), (4 bytes).
    Removing ch57x_timer0.o(.revsh_text), (4 bytes).
    Removing ch57x_timer0.o(i.TMR0_CapInit), (24 bytes).
    Removing ch57x_timer0.o(i.TMR0_CountInit), (24 bytes).
    Removing ch57x_timer0.o(i.TMR0_EXTSingleCounterInit), (20 bytes).
    Removing ch57x_timer0.o(i.TMR0_PWMInit), (20 bytes).
    Removing ch57x_timer0.o(i.TMR0_TimerInit), (20 bytes).
    Removing ch57x_timer1.o(.rev16_text), (4 bytes).
    Removing ch57x_timer1.o(.revsh_text), (4 bytes).
    Removing ch57x_timer1.o(i.TMR1_CapInit), (24 bytes).
    Removing ch57x_timer1.o(i.TMR1_CountInit), (24 bytes).
    Removing ch57x_timer1.o(i.TMR1_DMACfg), (44 bytes).
    Removing ch57x_timer1.o(i.TMR1_EXTSingleCounterInit), (20 bytes).
    Removing ch57x_timer1.o(i.TMR1_PWMInit), (20 bytes).
    Removing ch57x_timer1.o(i.TMR1_TimerInit), (20 bytes).
    Removing ch57x_timer2.o(.rev16_text), (4 bytes).
    Removing ch57x_timer2.o(.revsh_text), (4 bytes).
    Removing ch57x_timer2.o(i.TMR2_CapInit), (24 bytes).
    Removing ch57x_timer2.o(i.TMR2_CountInit), (24 bytes).
    Removing ch57x_timer2.o(i.TMR2_DMACfg), (44 bytes).
    Removing ch57x_timer2.o(i.TMR2_EXTSingleCounterInit), (20 bytes).
    Removing ch57x_timer2.o(i.TMR2_PWMInit), (20 bytes).
    Removing ch57x_timer2.o(i.TMR2_TimerInit), (20 bytes).
    Removing ch57x_timer3.o(.rev16_text), (4 bytes).
    Removing ch57x_timer3.o(.revsh_text), (4 bytes).
    Removing ch57x_timer3.o(i.TMR3_CapInit), (24 bytes).
    Removing ch57x_timer3.o(i.TMR3_CountInit), (24 bytes).
    Removing ch57x_timer3.o(i.TMR3_EXTSingleCounterInit), (20 bytes).
    Removing ch57x_timer3.o(i.TMR3_PWMInit), (20 bytes).
    Removing ch57x_timer3.o(i.TMR3_TimerInit), (20 bytes).
    Removing ch57x_uart0.o(.rev16_text), (4 bytes).
    Removing ch57x_uart0.o(.revsh_text), (4 bytes).
    Removing ch57x_uart0.o(i.UART0_BaudRateCfg), (44 bytes).
    Removing ch57x_uart0.o(i.UART0_ByteTrigCfg), (24 bytes).
    Removing ch57x_uart0.o(i.UART0_DefInit), (36 bytes).
    Removing ch57x_uart0.o(i.UART0_INTCfg), (44 bytes).
    Removing ch57x_uart0.o(i.UART0_RecvString), (32 bytes).
    Removing ch57x_uart0.o(i.UART0_Reset), (12 bytes).
    Removing ch57x_uart0.o(i.UART0_SendString), (36 bytes).
    Removing ch57x_uart1.o(.rev16_text), (4 bytes).
    Removing ch57x_uart1.o(.revsh_text), (4 bytes).
    Removing ch57x_uart1.o(i.UART1_ByteTrigCfg), (24 bytes).
    Removing ch57x_uart1.o(i.UART1_INTCfg), (44 bytes).
    Removing ch57x_uart1.o(i.UART1_RecvString), (32 bytes).
    Removing ch57x_uart1.o(i.UART1_Reset), (12 bytes).
    Removing ch57x_uart1.o(i.UART1_SendString), (36 bytes).
    Removing ch57x_uart2.o(.rev16_text), (4 bytes).
    Removing ch57x_uart2.o(.revsh_text), (4 bytes).
    Removing ch57x_uart2.o(i.UART2_BaudRateCfg), (44 bytes).
    Removing ch57x_uart2.o(i.UART2_ByteTrigCfg), (24 bytes).
    Removing ch57x_uart2.o(i.UART2_DefInit), (36 bytes).
    Removing ch57x_uart2.o(i.UART2_INTCfg), (44 bytes).
    Removing ch57x_uart2.o(i.UART2_RecvString), (32 bytes).
    Removing ch57x_uart2.o(i.UART2_Reset), (12 bytes).
    Removing ch57x_uart2.o(i.UART2_SendString), (36 bytes).
    Removing ch57x_uart3.o(.rev16_text), (4 bytes).
    Removing ch57x_uart3.o(.revsh_text), (4 bytes).
    Removing ch57x_uart3.o(i.UART3_BaudRateCfg), (44 bytes).
    Removing ch57x_uart3.o(i.UART3_ByteTrigCfg), (24 bytes).
    Removing ch57x_uart3.o(i.UART3_DefInit), (36 bytes).
    Removing ch57x_uart3.o(i.UART3_INTCfg), (44 bytes).
    Removing ch57x_uart3.o(i.UART3_RecvString), (32 bytes).
    Removing ch57x_uart3.o(i.UART3_Reset), (12 bytes).
    Removing ch57x_uart3.o(i.UART3_SendString), (36 bytes).
    Removing ch57x_usbdev.o(.rev16_text), (4 bytes).
    Removing ch57x_usbdev.o(.revsh_text), (4 bytes).
    Removing ch57x_usbdev.o(i.DevEP1_IN_Deal), (20 bytes).
    Removing ch57x_usbdev.o(i.DevEP2_IN_Deal), (20 bytes).
    Removing ch57x_usbdev.o(i.DevEP3_IN_Deal), (20 bytes).
    Removing ch57x_usbdev.o(i.DevEP4_IN_Deal), (20 bytes).
    Removing ch57x_usbdev.o(i.USB_DeviceInit), (120 bytes).
    Removing ch57x_usbdev.o(.data), (16 bytes).
    Removing ch57x_usbhostbase.o(.rev16_text), (4 bytes).
    Removing ch57x_usbhostbase.o(.revsh_text), (4 bytes).
    Removing ch57x_usbhostbase.o(i.CtrlClearEndpStall), (40 bytes).
    Removing ch57x_usbhostbase.o(i.CtrlSetUsbIntercace), (40 bytes).
    Removing ch57x_usbhostbase.o(i.WaitUSB_Interrupt), (52 bytes).
    Removing ch57x_usbhostclass.o(.rev16_text), (4 bytes).
    Removing ch57x_usbhostclass.o(.revsh_text), (4 bytes).
    Removing ch57x_usbhostclass.o(i.CtrlGetHIDDeviceReport), (92 bytes).
    Removing ch57x_usbhostclass.o(i.HubClearPortFeature), (68 bytes).
    Removing ch57x_usbhostclass.o(i.HubGetPortStatus), (92 bytes).
    Removing ch57x_usbhostclass.o(i.HubSetPortFeature), (68 bytes).
    Removing startup_armcm0.o(STACK), (1024 bytes).
    Removing startup_armcm0.o(HEAP), (1024 bytes).
    Removing ch579ufi.o(.rev16_text), (4 bytes).
    Removing ch579ufi.o(.revsh_text), (4 bytes).
    Removing ch579ufi.o(i.CH579DiskConnect), (392 bytes).
    Removing ch579ufi.o(i.CH579LibInit), (60 bytes).
    Removing ch579ufi.o(i.CH579ReadSector), (192 bytes).
    Removing ch579ufi.o(i.CH579WriteSector), (200 bytes).
    Removing ch579ufi.o(i.xFileNameEnumer), (2 bytes).
    Removing ch579ufi.o(.bss), (32 bytes).
    Removing CH579MAI.o(.text), (4996 bytes).
    Removing CH579MAI.o(.data), (104 bytes).
    Removing dadd.o(.text), (360 bytes).
    Removing dmul.o(.text), (208 bytes).
    Removing ddiv.o(.text), (240 bytes).
    Removing dfixul.o(.text), (64 bytes).
    Removing cdrcmple.o(.text), (40 bytes).
    Removing depilogue.o(.text), (190 bytes).
    Removing depilogue.o(i.__ARM_clz), (46 bytes).

206 unused section(s) (total 18540 bytes) removed from the image.

==============================================================================

Image Symbol Table

    Local Symbols

    Symbol Name                              Value     Ov Type        Size  Object(Section)

    RESET                                    0x00000000   Section      144  startup_armcm0.o(RESET)
    ../clib/microlib/division.c              0x00000000   Number         0  idiv.o ABSOLUTE
    ../clib/microlib/division.c              0x00000000   Number         0  uidiv.o ABSOLUTE
    ../clib/microlib/division.c              0x00000000   Number         0  uldiv.o ABSOLUTE
    ../clib/microlib/init/entry.s            0x00000000   Number         0  entry9b.o ABSOLUTE
    ../clib/microlib/init/entry.s            0x00000000   Number         0  entry11b.o ABSOLUTE
    ../clib/microlib/init/entry.s            0x00000000   Number         0  entry2.o ABSOLUTE
    ../clib/microlib/init/entry.s            0x00000000   Number         0  entry5.o ABSOLUTE
    ../clib/microlib/init/entry.s            0x00000000   Number         0  entry7a.o ABSOLUTE
    ../clib/microlib/init/entry.s            0x00000000   Number         0  entry7b.o ABSOLUTE
    ../clib/microlib/init/entry.s            0x00000000   Number         0  entry10a.o ABSOLUTE
    ../clib/microlib/init/entry.s            0x00000000   Number         0  entry8a.o ABSOLUTE
    ../clib/microlib/init/entry.s            0x00000000   Number         0  entry10b.o ABSOLUTE
    ../clib/microlib/init/entry.s            0x00000000   Number         0  entry11a.o ABSOLUTE
    ../clib/microlib/init/entry.s            0x00000000   Number         0  entry8b.o ABSOLUTE
    ../clib/microlib/init/entry.s            0x00000000   Number         0  entry.o ABSOLUTE
    ../clib/microlib/init/entry.s            0x00000000   Number         0  entry9a.o ABSOLUTE
    ../clib/microlib/init/entry.s            0x00000000   Number         0  entry12a.o ABSOLUTE
    ../clib/microlib/init/entry.s            0x00000000   Number         0  entry12b.o ABSOLUTE
    ../clib/microlib/longlong.c              0x00000000   Number         0  llshl.o ABSOLUTE
    ../clib/microlib/longlong.c              0x00000000   Number         0  llsshr.o ABSOLUTE
    ../clib/microlib/longlong.c              0x00000000   Number         0  llushr.o ABSOLUTE
    ../clib/microlib/printf/printf.c         0x00000000   Number         0  printf2.o ABSOLUTE
    ../clib/microlib/printf/printf.c         0x00000000   Number         0  printf4.o ABSOLUTE
    ../clib/microlib/printf/printf.c         0x00000000   Number         0  printfa.o ABSOLUTE
    ../clib/microlib/printf/printf.c         0x00000000   Number         0  printf8.o ABSOLUTE
    ../clib/microlib/printf/printf.c         0x00000000   Number         0  printf7.o ABSOLUTE
    ../clib/microlib/printf/printf.c         0x00000000   Number         0  printf6.o ABSOLUTE
    ../clib/microlib/printf/printf.c         0x00000000   Number         0  printf5.o ABSOLUTE
    ../clib/microlib/printf/printf.c         0x00000000   Number         0  printf3.o ABSOLUTE
    ../clib/microlib/printf/printf.c         0x00000000   Number         0  printf1.o ABSOLUTE
    ../clib/microlib/printf/printf.c         0x00000000   Number         0  printf0.o ABSOLUTE
    ../clib/microlib/printf/printf.c         0x00000000   Number         0  printfb.o ABSOLUTE
    ../clib/microlib/printf/stubs.s          0x00000000   Number         0  stubs.o ABSOLUTE
    ../clib/microlib/stdio/streams.c         0x00000000   Number         0  stdout.o ABSOLUTE
    ../clib/microlib/stubs.s                 0x00000000   Number         0  iusefp.o ABSOLUTE
    ../clib/microlib/unhosted.c              0x00000000   Number         0  uread4.o ABSOLUTE
    ../clib/microlib/unhosted.c              0x00000000   Number         0  uwrite4.o ABSOLUTE
    ../fplib/microlib/fpadd.c                0x00000000   Number         0  dadd.o ABSOLUTE
    ../fplib/microlib/fpdiv.c                0x00000000   Number         0  ddiv.o ABSOLUTE
    ../fplib/microlib/fpepilogue.c           0x00000000   Number         0  depilogue.o ABSOLUTE
    ../fplib/microlib/fpfix.c                0x00000000   Number         0  dfixul.o ABSOLUTE
    ../fplib/microlib/fpmul.c                0x00000000   Number         0  dmul.o ABSOLUTE
    ..\\library\\StdPeriphDriver\\CH57x_adc.c 0x00000000   Number         0  ch57x_adc.o ABSOLUTE
    ..\\library\\StdPeriphDriver\\CH57x_clk.c 0x00000000   Number         0  ch57x_clk.o ABSOLUTE
    ..\\library\\StdPeriphDriver\\CH57x_flash.c 0x00000000   Number         0  ch57x_flash.o ABSOLUTE
    ..\\library\\StdPeriphDriver\\CH57x_gpio.c 0x00000000   Number         0  ch57x_gpio.o ABSOLUTE
    ..\\library\\StdPeriphDriver\\CH57x_int.c 0x00000000   Number         0  ch57x_int.o ABSOLUTE
    ..\\library\\StdPeriphDriver\\CH57x_lcd.c 0x00000000   Number         0  ch57x_lcd.o ABSOLUTE
    ..\\library\\StdPeriphDriver\\CH57x_pwm.c 0x00000000   Number         0  ch57x_pwm.o ABSOLUTE
    ..\\library\\StdPeriphDriver\\CH57x_pwr.c 0x00000000   Number         0  ch57x_pwr.o ABSOLUTE
    ..\\library\\StdPeriphDriver\\CH57x_spi0.c 0x00000000   Number         0  ch57x_spi0.o ABSOLUTE
    ..\\library\\StdPeriphDriver\\CH57x_spi1.c 0x00000000   Number         0  ch57x_spi1.o ABSOLUTE
    ..\\library\\StdPeriphDriver\\CH57x_sys.c 0x00000000   Number         0  ch57x_sys.o ABSOLUTE
    ..\\library\\StdPeriphDriver\\CH57x_timer0.c 0x00000000   Number         0  ch57x_timer0.o ABSOLUTE
    ..\\library\\StdPeriphDriver\\CH57x_timer1.c 0x00000000   Number         0  ch57x_timer1.o ABSOLUTE
    ..\\library\\StdPeriphDriver\\CH57x_timer2.c 0x00000000   Number         0  ch57x_timer2.o ABSOLUTE
    ..\\library\\StdPeriphDriver\\CH57x_timer3.c 0x00000000   Number         0  ch57x_timer3.o ABSOLUTE
    ..\\library\\StdPeriphDriver\\CH57x_uart0.c 0x00000000   Number         0  ch57x_uart0.o ABSOLUTE
    ..\\library\\StdPeriphDriver\\CH57x_uart1.c 0x00000000   Number         0  ch57x_uart1.o ABSOLUTE
    ..\\library\\StdPeriphDriver\\CH57x_uart2.c 0x00000000   Number         0  ch57x_uart2.o ABSOLUTE
    ..\\library\\StdPeriphDriver\\CH57x_uart3.c 0x00000000   Number         0  ch57x_uart3.o ABSOLUTE
    ..\\library\\StdPeriphDriver\\CH57x_usbdev.c 0x00000000   Number         0  ch57x_usbdev.o ABSOLUTE
    ..\\library\\StdPeriphDriver\\CH57x_usbhostBase.c 0x00000000   Number         0  ch57x_usbhostbase.o ABSOLUTE
    ..\\library\\StdPeriphDriver\\CH57x_usbhostClass.c 0x00000000   Number         0  ch57x_usbhostclass.o ABSOLUTE
    ..\\ufi_librart\\CH579UFI.C              0x00000000   Number         0  ch579ufi.o ABSOLUTE
    ..\\user\\main.c                         0x00000000   Number         0  main.o ABSOLUTE
    ..\library\Startup\startup_ARMCM0.s      0x00000000   Number         0  startup_armcm0.o ABSOLUTE
    ..\library\StdPeriphDriver\CH57x_adc.c   0x00000000   Number         0  ch57x_adc.o ABSOLUTE
    ..\library\StdPeriphDriver\CH57x_clk.c   0x00000000   Number         0  ch57x_clk.o ABSOLUTE
    ..\library\StdPeriphDriver\CH57x_flash.c 0x00000000   Number         0  ch57x_flash.o ABSOLUTE
    ..\library\StdPeriphDriver\CH57x_gpio.c  0x00000000   Number         0  ch57x_gpio.o ABSOLUTE
    ..\library\StdPeriphDriver\CH57x_int.c   0x00000000   Number         0  ch57x_int.o ABSOLUTE
    ..\library\StdPeriphDriver\CH57x_lcd.c   0x00000000   Number         0  ch57x_lcd.o ABSOLUTE
    ..\library\StdPeriphDriver\CH57x_pwm.c   0x00000000   Number         0  ch57x_pwm.o ABSOLUTE
    ..\library\StdPeriphDriver\CH57x_pwr.c   0x00000000   Number         0  ch57x_pwr.o ABSOLUTE
    ..\library\StdPeriphDriver\CH57x_spi0.c  0x00000000   Number         0  ch57x_spi0.o ABSOLUTE
    ..\library\StdPeriphDriver\CH57x_spi1.c  0x00000000   Number         0  ch57x_spi1.o ABSOLUTE
    ..\library\StdPeriphDriver\CH57x_sys.c   0x00000000   Number         0  ch57x_sys.o ABSOLUTE
    ..\library\StdPeriphDriver\CH57x_timer0.c 0x00000000   Number         0  ch57x_timer0.o ABSOLUTE
    ..\library\StdPeriphDriver\CH57x_timer1.c 0x00000000   Number         0  ch57x_timer1.o ABSOLUTE
    ..\library\StdPeriphDriver\CH57x_timer2.c 0x00000000   Number         0  ch57x_timer2.o ABSOLUTE
    ..\library\StdPeriphDriver\CH57x_timer3.c 0x00000000   Number         0  ch57x_timer3.o ABSOLUTE
    ..\library\StdPeriphDriver\CH57x_uart0.c 0x00000000   Number         0  ch57x_uart0.o ABSOLUTE
    ..\library\StdPeriphDriver\CH57x_uart1.c 0x00000000   Number         0  ch57x_uart1.o ABSOLUTE
    ..\library\StdPeriphDriver\CH57x_uart2.c 0x00000000   Number         0  ch57x_uart2.o ABSOLUTE
    ..\library\StdPeriphDriver\CH57x_uart3.c 0x00000000   Number         0  ch57x_uart3.o ABSOLUTE
    ..\library\StdPeriphDriver\CH57x_usbdev.c 0x00000000   Number         0  ch57x_usbdev.o ABSOLUTE
    ..\library\StdPeriphDriver\CH57x_usbhostBase.c 0x00000000   Number         0  ch57x_usbhostbase.o ABSOLUTE
    ..\library\StdPeriphDriver\CH57x_usbhostClass.c 0x00000000   Number         0  ch57x_usbhostclass.o ABSOLUTE
    ..\ufi_librart\CH579UFI.C                0x00000000   Number         0  ch579ufi.o ABSOLUTE
    ..\user\main.c                           0x00000000   Number         0  main.o ABSOLUTE
    CH579MAI.C                               0x00000000   Number         0  CH579MAI.o ABSOLUTE
    cdrcmple.s                               0x00000000   Number         0  cdrcmple.o ABSOLUTE
    dc.s                                     0x00000000   Number         0  dc.o ABSOLUTE
    handlers.s                               0x00000000   Number         0  handlers.o ABSOLUTE
    init.s                                   0x00000000   Number         0  init.o ABSOLUTE
    .ARM.Collect$$$$00000000                 0x00000090   Section        0  entry.o(.ARM.Collect$$$$00000000)
    .ARM.Collect$$$$00000001                 0x00000090   Section        4  entry2.o(.ARM.Collect$$$$00000001)
    .ARM.Collect$$$$00000004                 0x00000094   Section        4  entry5.o(.ARM.Collect$$$$00000004)
    .ARM.Collect$$$$00000008                 0x00000098   Section        0  entry7b.o(.ARM.Collect$$$$00000008)
    .ARM.Collect$$$$0000000A                 0x00000098   Section        0  entry8b.o(.ARM.Collect$$$$0000000A)
    .ARM.Collect$$$$0000000B                 0x00000098   Section        8  entry9a.o(.ARM.Collect$$$$0000000B)
    .ARM.Collect$$$$0000000E                 0x000000a0   Section        4  entry12b.o(.ARM.Collect$$$$0000000E)
    .ARM.Collect$$$$0000000F                 0x000000a4   Section        0  entry10a.o(.ARM.Collect$$$$0000000F)
    .ARM.Collect$$$$00000011                 0x000000a4   Section        0  entry11a.o(.ARM.Collect$$$$00000011)
    .ARM.Collect$$$$00002712                 0x000000a4   Section        4  entry2.o(.ARM.Collect$$$$00002712)
    __lit__00000000                          0x000000a4   Data           4  entry2.o(.ARM.Collect$$$$00002712)
    .text                                    0x000000a8   Section       28  startup_armcm0.o(.text)
    .text                                    0x000000c4   Section        0  uidiv.o(.text)
    .text                                    0x000000f0   Section        0  idiv.o(.text)
    .text                                    0x00000118   Section        0  uldiv.o(.text)
    .text                                    0x00000178   Section       36  init.o(.text)
    .text                                    0x0000019c   Section        0  llshl.o(.text)
    .text                                    0x000001bc   Section        0  llushr.o(.text)
    i.AnalyzeRootHub                         0x000001e0   Section        0  ch57x_usbhostbase.o(i.AnalyzeRootHub)
    i.CopySetupReqPkg                        0x00000264   Section        0  ch57x_usbhostbase.o(i.CopySetupReqPkg)
    i.CtrlGetConfigDescr                     0x00000284   Section        0  ch57x_usbhostbase.o(i.CtrlGetConfigDescr)
    i.CtrlGetDeviceDescr                     0x000002f4   Section        0  ch57x_usbhostbase.o(i.CtrlGetDeviceDescr)
    i.CtrlGetHubDescr                        0x0000033c   Section        0  ch57x_usbhostclass.o(i.CtrlGetHubDescr)
    i.CtrlSetUsbAddress                      0x00000374   Section        0  ch57x_usbhostbase.o(i.CtrlSetUsbAddress)
    i.CtrlSetUsbConfig                       0x000003b4   Section        0  ch57x_usbhostbase.o(i.CtrlSetUsbConfig)
    i.DisableRootHubPort                     0x000003dc   Section        0  ch57x_usbhostbase.o(i.DisableRootHubPort)
    i.EnableRootHubPort                      0x000003ec   Section        0  ch57x_usbhostbase.o(i.EnableRootHubPort)
    i.FindHID_IN_Endeps                      0x00000450   Section        0  main.o(i.FindHID_IN_Endeps)
    FindHID_IN_Endeps                        0x00000451   Thumb Code   206  main.o(i.FindHID_IN_Endeps)
    i.GPIOA_ModeCfg                          0x00000528   Section        0  ch57x_gpio.o(i.GPIOA_ModeCfg)
    i.GetSysClock                            0x000005c0   Section        0  ch57x_clk.o(i.GetSysClock)
    i.HID_GetReportDescr                     0x00000610   Section        0  main.o(i.HID_GetReportDescr)
    HID_GetReportDescr                       0x00000611   Thumb Code    42  main.o(i.HID_GetReportDescr)
    i.HID_SetIdle                            0x0000064c   Section        0  main.o(i.HID_SetIdle)
    HID_SetIdle                              0x0000064d   Thumb Code    58  main.o(i.HID_SetIdle)
    i.HID_SetProtocol                        0x0000068c   Section        0  main.o(i.HID_SetProtocol)
    HID_SetProtocol                          0x0000068d   Thumb Code    58  main.o(i.HID_SetProtocol)
    i.HostCtrlTransfer                       0x000006cc   Section        0  ch57x_usbhostbase.o(i.HostCtrlTransfer)
    i.InitRootDevice                         0x0000088c   Section        0  ch57x_usbhostclass.o(i.InitRootDevice)
    i.LClk32K_Select                         0x00000bbc   Section        0  ch57x_clk.o(i.LClk32K_Select)
    i.LClk32k_Power                          0x00000c04   Section        0  ch57x_clk.o(i.LClk32k_Power)
    i.NMI_Handler                            0x00000cc0   Section        0  ch57x_int.o(i.NMI_Handler)
    i.PWR_UnitModCfg                         0x00000d58   Section        0  ch57x_pwr.o(i.PWR_UnitModCfg)
    i.PollKeyboard                           0x00000df8   Section        0  main.o(i.PollKeyboard)
    PollKeyboard                             0x00000df9   Thumb Code   368  main.o(i.PollKeyboard)
    i.PowerMonitor                           0x00000fb4   Section        0  ch57x_pwr.o(i.PowerMonitor)
    i.ResetRootHubPort                       0x00001014   Section        0  ch57x_usbhostbase.o(i.ResetRootHubPort)
    i.SYS_ClkINT32MPon                       0x0000106c   Section        0  ch57x_clk.o(i.SYS_ClkINT32MPon)
    i.SYS_ClkXT32MPon                        0x000010a0   Section        0  ch57x_clk.o(i.SYS_ClkXT32MPon)
    i.SYS_IsClkINT32MPon                     0x000010e0   Section        0  ch57x_clk.o(i.SYS_IsClkINT32MPon)
    SYS_IsClkINT32MPon                       0x000010e1   Thumb Code    12  ch57x_clk.o(i.SYS_IsClkINT32MPon)
    i.SYS_IsClkXT32MPon                      0x000010f0   Section        0  ch57x_clk.o(i.SYS_IsClkXT32MPon)
    SYS_IsClkXT32MPon                        0x000010f1   Thumb Code    12  ch57x_clk.o(i.SYS_IsClkXT32MPon)
    i.SYS_IsPLLPon                           0x00001100   Section        0  ch57x_clk.o(i.SYS_IsPLLPon)
    SYS_IsPLLPon                             0x00001101   Thumb Code    12  ch57x_clk.o(i.SYS_IsPLLPon)
    i.SYS_PLLPon                             0x00001110   Section        0  ch57x_clk.o(i.SYS_PLLPon)
    i.SetHostUsbAddr                         0x00001154   Section        0  ch57x_usbhostbase.o(i.SetHostUsbAddr)
    i.SetSysClock                            0x0000116c   Section        0  ch57x_clk.o(i.SetSysClock)
    i.SetUsbSpeed                            0x000013a8   Section        0  ch57x_usbhostbase.o(i.SetUsbSpeed)
    i.SystemInit                             0x000013dc   Section        0  ch57x_clk.o(i.SystemInit)
    i.UART1_BaudRateCfg                      0x00001448   Section        0  ch57x_uart1.o(i.UART1_BaudRateCfg)
    i.UART1_DefInit                          0x00001474   Section        0  ch57x_uart1.o(i.UART1_DefInit)
    i.USBHostTransact                        0x00001498   Section        0  ch57x_usbhostbase.o(i.USBHostTransact)
    i.USB_HostInit                           0x000015fc   Section        0  ch57x_usbhostbase.o(i.USB_HostInit)
    i.__0printf$8                            0x0000165c   Section        0  printf8.o(i.__0printf$8)
    i.__ARM_common_switch8                   0x0000167c   Section        0  main.o(i.__ARM_common_switch8)
    i.__scatterload_copy                     0x00001698   Section       14  handlers.o(i.__scatterload_copy)
    i.__scatterload_null                     0x000016a6   Section        2  handlers.o(i.__scatterload_null)
    i.__scatterload_zeroinit                 0x000016a8   Section       14  handlers.o(i.__scatterload_zeroinit)
    i._printf_core                           0x000016b8   Section        0  printf8.o(i._printf_core)
    _printf_core                             0x000016b9   Thumb Code  1020  printf8.o(i._printf_core)
    i._printf_post_padding                   0x00001ae0   Section        0  printf8.o(i._printf_post_padding)
    _printf_post_padding                     0x00001ae1   Thumb Code    32  printf8.o(i._printf_post_padding)
    i._printf_pre_padding                    0x00001b00   Section        0  printf8.o(i._printf_pre_padding)
    _printf_pre_padding                      0x00001b01   Thumb Code    44  printf8.o(i._printf_pre_padding)
    i.fputc                                  0x00001b2c   Section        0  ch57x_sys.o(i.fputc)
    i.mDelaymS                               0x00001b40   Section        0  ch57x_sys.o(i.mDelaymS)
    i.mDelayuS                               0x00001b5a   Section        0  ch57x_sys.o(i.mDelayuS)
    i.main                                   0x00001b7c   Section        0  main.o(i.main)
    i.putc1                                  0x00001ec0   Section        0  main.o(i.putc1)
    putc1                                    0x00001ec1   Thumb Code    16  main.o(i.putc1)
    i.scancode_to_str                        0x00001ed4   Section        0  main.o(i.scancode_to_str)
    scancode_to_str                          0x00001ed5   Thumb Code   230  main.o(i.scancode_to_str)
    i.up_printf                              0x00002024   Section        0  main.o(i.up_printf)
    up_printf                                0x00002025   Thumb Code   116  main.o(i.up_printf)
    i.up_putdec                              0x00002098   Section        0  main.o(i.up_putdec)
    up_putdec                                0x00002099   Thumb Code    56  main.o(i.up_putdec)
    i.up_puthex                              0x000020d0   Section        0  main.o(i.up_puthex)
    up_puthex                                0x000020d1   Thumb Code    46  main.o(i.up_puthex)
    i.up_puts                                0x00002104   Section        0  main.o(i.up_puts)
    up_puts                                  0x00002105   Thumb Code    22  main.o(i.up_puts)
    .constdata                               0x0000211a   Section       17  main.o(.constdata)
    hx                                       0x0000211a   Data          17  main.o(.constdata)
    .constdata                               0x0000212c   Section       48  ch57x_usbhostbase.o(.constdata)
    .constdata                               0x0000215c   Section       24  ch57x_usbhostclass.o(.constdata)
    .data                                    0x20000000   Section       27  main.o(.data)
    diag_poll                                0x20000000   Data           4  main.o(.data)
    diag_ok                                  0x20000004   Data           4  main.o(.data)
    diag_nak                                 0x20000008   Data           4  main.o(.data)
    diag_err                                 0x2000000c   Data           4  main.o(.data)
    last                                     0x20000010   Data           8  main.o(.data)
    last_len                                 0x20000018   Data           1  main.o(.data)
    last_ep                                  0x20000019   Data           1  main.o(.data)
    sec                                      0x2000001a   Data           1  main.o(.data)
    .data                                    0x2000001c   Section       12  ch57x_usbhostbase.o(.data)
    .data                                    0x20000028   Section        4  stdout.o(.data)
    .bss                                     0x2000002c   Section      128  main.o(.bss)
    .bss                                     0x200000ac   Section       14  ch57x_usbhostbase.o(.bss)
    .bss                                     0x200000bc   Section      128  ch57x_usbhostclass.o(.bss)

    Global Symbols

    Symbol Name                              Value     Ov Type        Size  Object(Section)

    BuildAttributes$$THM_ISAv3M$S$PE$A:L22$X:L11$S22$IEEE1$IW$USESV6$~STKCKD$USESV7$~SHL$OSPACE$ROPI$EBA8$MICROLIB$REQ8$PRES8$EABIv2 0x00000000   Number         0  anon$$obj.o ABSOLUTE
    __ARM_use_no_argv                        0x00000000   Number         0  main.o ABSOLUTE
    __Vectors                                0x00000000   Data           4  startup_armcm0.o(RESET)
    _printf_a                                0x00000000   Number         0  stubs.o ABSOLUTE
    _printf_c                                0x00000000   Number         0  stubs.o ABSOLUTE
    _printf_charcount                        0x00000000   Number         0  stubs.o ABSOLUTE
    _printf_d                                0x00000000   Number         0  stubs.o ABSOLUTE
    _printf_e                                0x00000000   Number         0  stubs.o ABSOLUTE
    _printf_f                                0x00000000   Number         0  stubs.o ABSOLUTE
    _printf_flags                            0x00000000   Number         0  stubs.o ABSOLUTE
    _printf_fp_dec                           0x00000000   Number         0  stubs.o ABSOLUTE
    _printf_fp_hex                           0x00000000   Number         0  stubs.o ABSOLUTE
    _printf_g                                0x00000000   Number         0  stubs.o ABSOLUTE
    _printf_i                                0x00000000   Number         0  stubs.o ABSOLUTE
    _printf_int_dec                          0x00000000   Number         0  stubs.o ABSOLUTE
    _printf_l                                0x00000000   Number         0  stubs.o ABSOLUTE
    _printf_lc                               0x00000000   Number         0  stubs.o ABSOLUTE
    _printf_ll                               0x00000000   Number         0  stubs.o ABSOLUTE
    _printf_lld                              0x00000000   Number         0  stubs.o ABSOLUTE
    _printf_lli                              0x00000000   Number         0  stubs.o ABSOLUTE
    _printf_llo                              0x00000000   Number         0  stubs.o ABSOLUTE
    _printf_llu                              0x00000000   Number         0  stubs.o ABSOLUTE
    _printf_llx                              0x00000000   Number         0  stubs.o ABSOLUTE
    _printf_longlong_dec                     0x00000000   Number         0  stubs.o ABSOLUTE
    _printf_longlong_hex                     0x00000000   Number         0  stubs.o ABSOLUTE
    _printf_longlong_oct                     0x00000000   Number         0  stubs.o ABSOLUTE
    _printf_ls                               0x00000000   Number         0  stubs.o ABSOLUTE
    _printf_mbtowc                           0x00000000   Number         0  stubs.o ABSOLUTE
    _printf_n                                0x00000000   Number         0  stubs.o ABSOLUTE
    _printf_o                                0x00000000   Number         0  stubs.o ABSOLUTE
    _printf_p                                0x00000000   Number         0  stubs.o ABSOLUTE
    _printf_percent                          0x00000000   Number         0  stubs.o ABSOLUTE
    _printf_pre_padding                      0x00000000   Number         0  stubs.o ABSOLUTE
    _printf_return_value                     0x00000000   Number         0  stubs.o ABSOLUTE
    _printf_s                                0x00000000   Number         0  stubs.o ABSOLUTE
    _printf_sizespec                         0x00000000   Number         0  stubs.o ABSOLUTE
    _printf_str                              0x00000000   Number         0  stubs.o ABSOLUTE
    _printf_truncate_signed                  0x00000000   Number         0  stubs.o ABSOLUTE
    _printf_truncate_unsigned                0x00000000   Number         0  stubs.o ABSOLUTE
    _printf_u                                0x00000000   Number         0  stubs.o ABSOLUTE
    _printf_wc                               0x00000000   Number         0  stubs.o ABSOLUTE
    _printf_wctomb                           0x00000000   Number         0  stubs.o ABSOLUTE
    _printf_widthprec                        0x00000000   Number         0  stubs.o ABSOLUTE
    _printf_x                                0x00000000   Number         0  stubs.o ABSOLUTE
    __arm_fini_                               - Undefined Weak Reference
    __cpp_initialize__aeabi_                  - Undefined Weak Reference
    __cxa_finalize                            - Undefined Weak Reference
    __decompress                              - Undefined Weak Reference
    _clock_init                               - Undefined Weak Reference
    _microlib_exit                            - Undefined Weak Reference
    __Vectors_End                            0x00000090   Data           0  startup_armcm0.o(RESET)
    __Vectors_Size                           0x00000090   Number         0  startup_armcm0.o ABSOLUTE
    __main                                   0x00000091   Thumb Code     0  entry.o(.ARM.Collect$$$$00000000)
    _main_stk                                0x00000091   Thumb Code     0  entry2.o(.ARM.Collect$$$$00000001)
    _main_scatterload                        0x00000095   Thumb Code     0  entry5.o(.ARM.Collect$$$$00000004)
    __main_after_scatterload                 0x00000099   Thumb Code     0  entry5.o(.ARM.Collect$$$$00000004)
    _main_clock                              0x00000099   Thumb Code     0  entry7b.o(.ARM.Collect$$$$00000008)
    _main_cpp_init                           0x00000099   Thumb Code     0  entry8b.o(.ARM.Collect$$$$0000000A)
    _main_init                               0x00000099   Thumb Code     0  entry9a.o(.ARM.Collect$$$$0000000B)
    __rt_lib_shutdown_fini                   0x000000a1   Thumb Code     0  entry12b.o(.ARM.Collect$$$$0000000E)
    __rt_final_cpp                           0x000000a5   Thumb Code     0  entry10a.o(.ARM.Collect$$$$0000000F)
    __rt_final_exit                          0x000000a5   Thumb Code     0  entry11a.o(.ARM.Collect$$$$00000011)
    Reset_Handler                            0x000000a9   Thumb Code     8  startup_armcm0.o(.text)
    HardFault_Handler                        0x000000b3   Thumb Code     0  startup_armcm0.o(.text)
    SVC_Handler                              0x000000b3   Thumb Code     2  startup_armcm0.o(.text)
    PendSV_Handler                           0x000000b5   Thumb Code     2  startup_armcm0.o(.text)
    SysTick_Handler                          0x000000b7   Thumb Code     2  startup_armcm0.o(.text)
    ADC_IRQHandler                           0x000000b9   Thumb Code     0  startup_armcm0.o(.text)
    BB_IRQHandler                            0x000000b9   Thumb Code     0  startup_armcm0.o(.text)
    ETH_IRQHandler                           0x000000b9   Thumb Code     0  startup_armcm0.o(.text)
    GPIO_IRQHandler                          0x000000b9   Thumb Code     0  startup_armcm0.o(.text)
    LED_IRQHandler                           0x000000b9   Thumb Code     0  startup_armcm0.o(.text)
    LLE_IRQHandler                           0x000000b9   Thumb Code     0  startup_armcm0.o(.text)
    RTC_IRQHandler                           0x000000b9   Thumb Code     0  startup_armcm0.o(.text)
    SLAVE_IRQHandler                         0x000000b9   Thumb Code     0  startup_armcm0.o(.text)
    SPI0_IRQHandler                          0x000000b9   Thumb Code     0  startup_armcm0.o(.text)
    SPI1_IRQHandler                          0x000000b9   Thumb Code     0  startup_armcm0.o(.text)
    TMR0_IRQHandler                          0x000000b9   Thumb Code     0  startup_armcm0.o(.text)
    TMR1_IRQHandler                          0x000000b9   Thumb Code     0  startup_armcm0.o(.text)
    TMR2_IRQHandler                          0x000000b9   Thumb Code     0  startup_armcm0.o(.text)
    TMR3_IRQHandler                          0x000000b9   Thumb Code     0  startup_armcm0.o(.text)
    UART0_IRQHandler                         0x000000b9   Thumb Code     0  startup_armcm0.o(.text)
    UART1_IRQHandler                         0x000000b9   Thumb Code     0  startup_armcm0.o(.text)
    UART2_IRQHandler                         0x000000b9   Thumb Code     0  startup_armcm0.o(.text)
    UART3_IRQHandler                         0x000000b9   Thumb Code     0  startup_armcm0.o(.text)
    USB_IRQHandler                           0x000000b9   Thumb Code     0  startup_armcm0.o(.text)
    WDT_IRQHandler                           0x000000b9   Thumb Code     0  startup_armcm0.o(.text)
    __aeabi_uidiv                            0x000000c5   Thumb Code     0  uidiv.o(.text)
    __aeabi_uidivmod                         0x000000c5   Thumb Code    44  uidiv.o(.text)
    __aeabi_idiv                             0x000000f1   Thumb Code     0  idiv.o(.text)
    __aeabi_idivmod                          0x000000f1   Thumb Code    40  idiv.o(.text)
    __aeabi_uldivmod                         0x00000119   Thumb Code    96  uldiv.o(.text)
    __scatterload                            0x00000179   Thumb Code    28  init.o(.text)
    __scatterload_rt2                        0x00000179   Thumb Code     0  init.o(.text)
    __aeabi_llsl                             0x0000019d   Thumb Code    32  llshl.o(.text)
    _ll_shift_l                              0x0000019d   Thumb Code     0  llshl.o(.text)
    __aeabi_llsr                             0x000001bd   Thumb Code    34  llushr.o(.text)
    _ll_ushift_r                             0x000001bd   Thumb Code     0  llushr.o(.text)
    AnalyzeRootHub                           0x000001e1   Thumb Code    96  ch57x_usbhostbase.o(i.AnalyzeRootHub)
    CopySetupReqPkg                          0x00000265   Thumb Code    26  ch57x_usbhostbase.o(i.CopySetupReqPkg)
    CtrlGetConfigDescr                       0x00000285   Thumb Code    98  ch57x_usbhostbase.o(i.CtrlGetConfigDescr)
    CtrlGetDeviceDescr                       0x000002f5   Thumb Code    60  ch57x_usbhostbase.o(i.CtrlGetDeviceDescr)
    CtrlGetHubDescr                          0x0000033d   Thumb Code    46  ch57x_usbhostclass.o(i.CtrlGetHubDescr)
    CtrlSetUsbAddress                        0x00000375   Thumb Code    54  ch57x_usbhostbase.o(i.CtrlSetUsbAddress)
    CtrlSetUsbConfig                         0x000003b5   Thumb Code    30  ch57x_usbhostbase.o(i.CtrlSetUsbConfig)
    DisableRootHubPort                       0x000003dd   Thumb Code    10  ch57x_usbhostbase.o(i.DisableRootHubPort)
    EnableRootHubPort                        0x000003ed   Thumb Code    92  ch57x_usbhostbase.o(i.EnableRootHubPort)
    GPIOA_ModeCfg                            0x00000529   Thumb Code   146  ch57x_gpio.o(i.GPIOA_ModeCfg)
    GetSysClock                              0x000005c1   Thumb Code    66  ch57x_clk.o(i.GetSysClock)
    HostCtrlTransfer                         0x000006cd   Thumb Code   426  ch57x_usbhostbase.o(i.HostCtrlTransfer)
    InitRootDevice                           0x0000088d   Thumb Code   560  ch57x_usbhostclass.o(i.InitRootDevice)
    LClk32K_Select                           0x00000bbd   Thumb Code    68  ch57x_clk.o(i.LClk32K_Select)
    LClk32k_Power                            0x00000c05   Thumb Code   182  ch57x_clk.o(i.LClk32k_Power)
    NMI_Handler                              0x00000cc1   Thumb Code   146  ch57x_int.o(i.NMI_Handler)
    PWR_UnitModCfg                           0x00000d59   Thumb Code   154  ch57x_pwr.o(i.PWR_UnitModCfg)
    PowerMonitor                             0x00000fb5   Thumb Code    90  ch57x_pwr.o(i.PowerMonitor)
    ResetRootHubPort                         0x00001015   Thumb Code    80  ch57x_usbhostbase.o(i.ResetRootHubPort)
    SYS_ClkINT32MPon                         0x0000106d   Thumb Code    46  ch57x_clk.o(i.SYS_ClkINT32MPon)
    SYS_ClkXT32MPon                          0x000010a1   Thumb Code    60  ch57x_clk.o(i.SYS_ClkXT32MPon)
    SYS_PLLPon                               0x00001111   Thumb Code    58  ch57x_clk.o(i.SYS_PLLPon)
    SetHostUsbAddr                           0x00001155   Thumb Code    20  ch57x_usbhostbase.o(i.SetHostUsbAddr)
    SetSysClock                              0x0000116d   Thumb Code   562  ch57x_clk.o(i.SetSysClock)
    SetUsbSpeed                              0x000013a9   Thumb Code    48  ch57x_usbhostbase.o(i.SetUsbSpeed)
    SystemInit                               0x000013dd   Thumb Code   104  ch57x_clk.o(i.SystemInit)
    UART1_BaudRateCfg                        0x00001449   Thumb Code    40  ch57x_uart1.o(i.UART1_BaudRateCfg)
    UART1_DefInit                            0x00001475   Thumb Code    30  ch57x_uart1.o(i.UART1_DefInit)
    USBHostTransact                          0x00001499   Thumb Code   342  ch57x_usbhostbase.o(i.USBHostTransact)
    USB_HostInit                             0x000015fd   Thumb Code    78  ch57x_usbhostbase.o(i.USB_HostInit)
    __0printf$8                              0x0000165d   Thumb Code    24  printf8.o(i.__0printf$8)
    __1printf$8                              0x0000165d   Thumb Code     0  printf8.o(i.__0printf$8)
    __2printf                                0x0000165d   Thumb Code     0  printf8.o(i.__0printf$8)
    __ARM_common_switch8                     0x0000167d   Thumb Code    28  main.o(i.__ARM_common_switch8)
    __scatterload_copy                       0x00001699   Thumb Code    14  handlers.o(i.__scatterload_copy)
    __scatterload_null                       0x000016a7   Thumb Code     2  handlers.o(i.__scatterload_null)
    __scatterload_zeroinit                   0x000016a9   Thumb Code    14  handlers.o(i.__scatterload_zeroinit)
    fputc                                    0x00001b2d   Thumb Code    16  ch57x_sys.o(i.fputc)
    mDelaymS                                 0x00001b41   Thumb Code    26  ch57x_sys.o(i.mDelaymS)
    mDelayuS                                 0x00001b5b   Thumb Code    34  ch57x_sys.o(i.mDelayuS)
    main                                     0x00001b7d   Thumb Code   574  main.o(i.main)
    SetupGetDevDescr                         0x0000212c   Data           8  ch57x_usbhostbase.o(.constdata)
    SetupGetCfgDescr                         0x00002134   Data           8  ch57x_usbhostbase.o(.constdata)
    SetupSetUsbAddr                          0x0000213c   Data           8  ch57x_usbhostbase.o(.constdata)
    SetupSetUsbConfig                        0x00002144   Data           8  ch57x_usbhostbase.o(.constdata)
    SetupSetUsbInterface                     0x0000214c   Data           8  ch57x_usbhostbase.o(.constdata)
    SetupClrEndpStall                        0x00002154   Data           8  ch57x_usbhostbase.o(.constdata)
    SetupSetHIDIdle                          0x0000215c   Data           8  ch57x_usbhostclass.o(.constdata)
    SetupGetHIDDevReport                     0x00002164   Data           8  ch57x_usbhostclass.o(.constdata)
    SetupGetHubDescr                         0x0000216c   Data           8  ch57x_usbhostclass.o(.constdata)
    Region$$Table$$Base                      0x00002174   Number         0  anon$$obj.o(Region$$Table)
    Region$$Table$$Limit                     0x00002194   Number         0  anon$$obj.o(Region$$Table)
    UsbDevEndp0Size                          0x2000001c   Data           1  ch57x_usbhostbase.o(.data)
    FoundNewDev                              0x2000001d   Data           1  ch57x_usbhostbase.o(.data)
    pHOST_RX_RAM_Addr                        0x20000020   Data           4  ch57x_usbhostbase.o(.data)
    pHOST_TX_RAM_Addr                        0x20000024   Data           4  ch57x_usbhostbase.o(.data)
    __stdout                                 0x20000028   Data           4  stdout.o(.data)
    RxBuffer                                 0x2000002c   Data          64  main.o(.bss)
    TxBuffer                                 0x2000006c   Data          64  main.o(.bss)
    ThisUsbDev                               0x200000ac   Data          14  ch57x_usbhostbase.o(.bss)
    Com_Buffer                               0x200000bc   Data         128  ch57x_usbhostclass.o(.bss)
    __initial_sp                             0x20008000   Number         0  startup_armcm0.o ABSOLUTE



==============================================================================

Memory Map of the image

  Image Entry point : 0x00000091

  Load Region LR_IROM1 (Base: 0x00000000, Size: 0x000021c0, Max: 0x0003e800, ABSOLUTE)

    Execution Region ER_IROM1 (Exec base: 0x00000000, Load base: 0x00000000, Size: 0x00002194, Max: 0x0003e800, ABSOLUTE)

    Exec Addr    Load Addr    Size         Type   Attr      Idx    E Section Name        Object

    0x00000000   0x00000000   0x00000090   Data   RO         1696    RESET               startup_armcm0.o
    0x00000090   0x00000090   0x00000000   Code   RO         1759  * .ARM.Collect$$$$00000000  mc_p.l(entry.o)
    0x00000090   0x00000090   0x00000004   Code   RO         2031    .ARM.Collect$$$$00000001  mc_p.l(entry2.o)
    0x00000094   0x00000094   0x00000004   Code   RO         2034    .ARM.Collect$$$$00000004  mc_p.l(entry5.o)
    0x00000098   0x00000098   0x00000000   Code   RO         2036    .ARM.Collect$$$$00000008  mc_p.l(entry7b.o)
    0x00000098   0x00000098   0x00000000   Code   RO         2038    .ARM.Collect$$$$0000000A  mc_p.l(entry8b.o)
    0x00000098   0x00000098   0x00000008   Code   RO         2039    .ARM.Collect$$$$0000000B  mc_p.l(entry9a.o)
    0x000000a0   0x000000a0   0x00000004   Code   RO         2046    .ARM.Collect$$$$0000000E  mc_p.l(entry12b.o)
    0x000000a4   0x000000a4   0x00000000   Code   RO         2041    .ARM.Collect$$$$0000000F  mc_p.l(entry10a.o)
    0x000000a4   0x000000a4   0x00000000   Code   RO         2043    .ARM.Collect$$$$00000011  mc_p.l(entry11a.o)
    0x000000a4   0x000000a4   0x00000004   Code   RO         2032    .ARM.Collect$$$$00002712  mc_p.l(entry2.o)
    0x000000a8   0x000000a8   0x0000001c   Code   RO         1697    .text               startup_armcm0.o
    0x000000c4   0x000000c4   0x0000002c   Code   RO         1762    .text               mc_p.l(uidiv.o)
    0x000000f0   0x000000f0   0x00000028   Code   RO         1764    .text               mc_p.l(idiv.o)
    0x00000118   0x00000118   0x00000060   Code   RO         2048    .text               mc_p.l(uldiv.o)
    0x00000178   0x00000178   0x00000024   Code   RO         2061    .text               mc_p.l(init.o)
    0x0000019c   0x0000019c   0x00000020   Code   RO         2063    .text               mc_p.l(llshl.o)
    0x000001bc   0x000001bc   0x00000022   Code   RO         2065    .text               mc_p.l(llushr.o)
    0x000001de   0x000001de   0x00000002   PAD
    0x000001e0   0x000001e0   0x00000084   Code   RO         1501    i.AnalyzeRootHub    ch57x_usbhostbase.o
    0x00000264   0x00000264   0x00000020   Code   RO         1502    i.CopySetupReqPkg   ch57x_usbhostbase.o
    0x00000284   0x00000284   0x00000070   Code   RO         1504    i.CtrlGetConfigDescr  ch57x_usbhostbase.o
    0x000002f4   0x000002f4   0x00000048   Code   RO         1505    i.CtrlGetDeviceDescr  ch57x_usbhostbase.o
    0x0000033c   0x0000033c   0x00000038   Code   RO         1635    i.CtrlGetHubDescr   ch57x_usbhostclass.o
    0x00000374   0x00000374   0x00000040   Code   RO         1506    i.CtrlSetUsbAddress  ch57x_usbhostbase.o
    0x000003b4   0x000003b4   0x00000028   Code   RO         1507    i.CtrlSetUsbConfig  ch57x_usbhostbase.o
    0x000003dc   0x000003dc   0x00000010   Code   RO         1509    i.DisableRootHubPort  ch57x_usbhostbase.o
    0x000003ec   0x000003ec   0x00000064   Code   RO         1510    i.EnableRootHubPort  ch57x_usbhostbase.o
    0x00000450   0x00000450   0x000000d8   Code   RO            3    i.FindHID_IN_Endeps  main.o
    0x00000528   0x00000528   0x00000098   Code   RO          525    i.GPIOA_ModeCfg     ch57x_gpio.o
    0x000005c0   0x000005c0   0x00000050   Code   RO          299    i.GetSysClock       ch57x_clk.o
    0x00000610   0x00000610   0x0000003c   Code   RO            4    i.HID_GetReportDescr  main.o
    0x0000064c   0x0000064c   0x00000040   Code   RO            5    i.HID_SetIdle       main.o
    0x0000068c   0x0000068c   0x00000040   Code   RO            6    i.HID_SetProtocol   main.o
    0x000006cc   0x000006cc   0x000001c0   Code   RO         1511    i.HostCtrlTransfer  ch57x_usbhostbase.o
    0x0000088c   0x0000088c   0x00000330   Code   RO         1639    i.InitRootDevice    ch57x_usbhostclass.o
    0x00000bbc   0x00000bbc   0x00000048   Code   RO          303    i.LClk32K_Select    ch57x_clk.o
    0x00000c04   0x00000c04   0x000000bc   Code   RO          304    i.LClk32k_Power     ch57x_clk.o
    0x00000cc0   0x00000cc0   0x00000098   Code   RO          581    i.NMI_Handler       ch57x_int.o
    0x00000d58   0x00000d58   0x000000a0   Code   RO          690    i.PWR_UnitModCfg    ch57x_pwr.o
    0x00000df8   0x00000df8   0x000001bc   Code   RO            7    i.PollKeyboard      main.o
    0x00000fb4   0x00000fb4   0x00000060   Code   RO          691    i.PowerMonitor      ch57x_pwr.o
    0x00001014   0x00001014   0x00000058   Code   RO         1512    i.ResetRootHubPort  ch57x_usbhostbase.o
    0x0000106c   0x0000106c   0x00000034   Code   RO          316    i.SYS_ClkINT32MPon  ch57x_clk.o
    0x000010a0   0x000010a0   0x00000040   Code   RO          317    i.SYS_ClkXT32MPon   ch57x_clk.o
    0x000010e0   0x000010e0   0x00000010   Code   RO          318    i.SYS_IsClkINT32MPon  ch57x_clk.o
    0x000010f0   0x000010f0   0x00000010   Code   RO          319    i.SYS_IsClkXT32MPon  ch57x_clk.o
    0x00001100   0x00001100   0x00000010   Code   RO          320    i.SYS_IsPLLPon      ch57x_clk.o
    0x00001110   0x00001110   0x00000044   Code   RO          321    i.SYS_PLLPon        ch57x_clk.o
    0x00001154   0x00001154   0x00000018   Code   RO         1513    i.SetHostUsbAddr    ch57x_usbhostbase.o
    0x0000116c   0x0000116c   0x0000023c   Code   RO          322    i.SetSysClock       ch57x_clk.o
    0x000013a8   0x000013a8   0x00000034   Code   RO         1514    i.SetUsbSpeed       ch57x_usbhostbase.o
    0x000013dc   0x000013dc   0x0000006c   Code   RO          323    i.SystemInit        ch57x_clk.o
    0x00001448   0x00001448   0x0000002c   Code   RO         1267    i.UART1_BaudRateCfg  ch57x_uart1.o
    0x00001474   0x00001474   0x00000024   Code   RO         1269    i.UART1_DefInit     ch57x_uart1.o
    0x00001498   0x00001498   0x00000164   Code   RO         1515    i.USBHostTransact   ch57x_usbhostbase.o
    0x000015fc   0x000015fc   0x00000060   Code   RO         1516    i.USB_HostInit      ch57x_usbhostbase.o
    0x0000165c   0x0000165c   0x00000020   Code   RO         1973    i.__0printf$8       mc_p.l(printf8.o)
    0x0000167c   0x0000167c   0x0000001c   Code   RO           79    i.__ARM_common_switch8  main.o
    0x00001698   0x00001698   0x0000000e   Code   RO         2075    i.__scatterload_copy  mc_p.l(handlers.o)
    0x000016a6   0x000016a6   0x00000002   Code   RO         2076    i.__scatterload_null  mc_p.l(handlers.o)
    0x000016a8   0x000016a8   0x0000000e   Code   RO         2077    i.__scatterload_zeroinit  mc_p.l(handlers.o)
    0x000016b6   0x000016b6   0x00000002   PAD
    0x000016b8   0x000016b8   0x00000428   Code   RO         1980    i._printf_core      mc_p.l(printf8.o)
    0x00001ae0   0x00001ae0   0x00000020   Code   RO         1981    i._printf_post_padding  mc_p.l(printf8.o)
    0x00001b00   0x00001b00   0x0000002c   Code   RO         1982    i._printf_pre_padding  mc_p.l(printf8.o)
    0x00001b2c   0x00001b2c   0x00000014   Code   RO          927    i.fputc             ch57x_sys.o
    0x00001b40   0x00001b40   0x0000001a   Code   RO          928    i.mDelaymS          ch57x_sys.o
    0x00001b5a   0x00001b5a   0x00000022   Code   RO          929    i.mDelayuS          ch57x_sys.o
    0x00001b7c   0x00001b7c   0x00000344   Code   RO            8    i.main              main.o
    0x00001ec0   0x00001ec0   0x00000014   Code   RO            9    i.putc1             main.o
    0x00001ed4   0x00001ed4   0x00000150   Code   RO           10    i.scancode_to_str   main.o
    0x00002024   0x00002024   0x00000074   Code   RO           11    i.up_printf         main.o
    0x00002098   0x00002098   0x00000038   Code   RO           12    i.up_putdec         main.o
    0x000020d0   0x000020d0   0x00000034   Code   RO           13    i.up_puthex         main.o
    0x00002104   0x00002104   0x00000016   Code   RO           14    i.up_puts           main.o
    0x0000211a   0x0000211a   0x00000011   Data   RO           16    .constdata          main.o
    0x0000212b   0x0000212b   0x00000001   PAD
    0x0000212c   0x0000212c   0x00000030   Data   RO         1519    .constdata          ch57x_usbhostbase.o
    0x0000215c   0x0000215c   0x00000018   Data   RO         1641    .constdata          ch57x_usbhostclass.o
    0x00002174   0x00002174   0x00000020   Data   RO         2073    Region$$Table       anon$$obj.o


    Execution Region RW_IRAM1 (Exec base: 0x20000000, Load base: 0x00002194, Size: 0x0000013c, Max: 0x00008000, ABSOLUTE)

    Exec Addr    Load Addr    Size         Type   Attr      Idx    E Section Name        Object

    0x20000000   0x00002194   0x0000001b   Data   RW           17    .data               main.o
    0x2000001b   0x000021af   0x00000001   PAD
    0x2000001c   0x000021b0   0x0000000c   Data   RW         1520    .data               ch57x_usbhostbase.o
    0x20000028   0x000021bc   0x00000004   Data   RW         2047    .data               mc_p.l(stdout.o)
    0x2000002c        -       0x00000080   Zero   RW           15    .bss                main.o
    0x200000ac        -       0x0000000e   Zero   RW         1518    .bss                ch57x_usbhostbase.o
    0x200000ba   0x000021c0   0x00000002   PAD
    0x200000bc        -       0x00000080   Zero   RW         1640    .bss                ch57x_usbhostclass.o


==============================================================================

Image component sizes


      Code (inc. data)   RO Data    RW Data    ZI Data      Debug   Object Name

         0          0          0          0          0      44000   ch57x_adc.o
      1252         86          0          0          0       8020   ch57x_clk.o
       152         14          0          0          0        588   ch57x_gpio.o
       152          6          0          0          0        526   ch57x_int.o
       256         12          0          0          0       1124   ch57x_pwr.o
        80          4          0          0          0       3238   ch57x_sys.o
        80         10          0          0          0       1012   ch57x_uart1.o
      1632        172         48         12         14      11384   ch57x_usbhostbase.o
       872        266         24          0        128       2758   ch57x_usbhostclass.o
      2314        522         17         27        128      55379   main.o
        28         10        144          0          0        568   startup_armcm0.o

    ----------------------------------------------------------------------
      6818       1102        266         40        272     128597   Object Totals
         0          0         32          0          0          0   (incl. Generated)
         0          0          1          1          2          0   (incl. Padding)

    ----------------------------------------------------------------------

      Code (inc. data)   RO Data    RW Data    ZI Data      Debug   Library Member Name

         0          0          0          0          0          0   entry.o
         0          0          0          0          0          0   entry10a.o
         0          0          0          0          0          0   entry11a.o
         4          0          0          0          0          0   entry12b.o
         8          4          0          0          0          0   entry2.o
         4          0          0          0          0          0   entry5.o
         0          0          0          0          0          0   entry7b.o
         0          0          0          0          0          0   entry8b.o
         8          4          0          0          0          0   entry9a.o
        30          0          0          0          0          0   handlers.o
        40          0          0          0          0         72   idiv.o
        36          8          0          0          0         68   init.o
        32          0          0          0          0         68   llshl.o
        34          0          0          0          0         68   llushr.o
      1172         52          0          0          0        324   printf8.o
         0          0          0          4          0          0   stdout.o
        44          0          0          0          0         72   uidiv.o
        96          0          0          0          0         84   uldiv.o

    ----------------------------------------------------------------------
      1512         68          0          4          0        756   Library Totals
         4          0          0          0          0          0   (incl. Padding)

    ----------------------------------------------------------------------

      Code (inc. data)   RO Data    RW Data    ZI Data      Debug   Library Name

      1508         68          0          4          0        756   mc_p.l

    ----------------------------------------------------------------------
      1512         68          0          4          0        756   Library Totals

    ----------------------------------------------------------------------

==============================================================================


      Code (inc. data)   RO Data    RW Data    ZI Data      Debug   

      8330       1170        266         44        272     127129   Grand Totals
      8330       1170        266         44        272     127129   ELF Image Totals
      8330       1170        266         44          0          0   ROM Totals

==============================================================================

    Total RO  Size (Code + RO Data)                 8596 (   8.39kB)
    Total RW  Size (RW Data + ZI Data)               316 (   0.31kB)
    Total ROM Size (Code + RO Data + RW Data)       8640 (   8.44kB)

==============================================================================

