<!doctype html public "-//w3c//dtd html 4.0 transitional//en">
<html><head>
<title>Static Call Graph - [.\Objects\CH579_USB_Host_HID.axf]</title></head>
<body><HR>
<H1>Static Call Graph for image .\Objects\CH579_USB_Host_HID.axf</H1><HR>
<BR><P>#&#060CALLGRAPH&#062# ARM Linker, 5060960: Last Updated: Mon Aug 10 08:07:13 2026
<BR><P>
<H3>Maximum Stack Usage =        160 bytes + Unknown(Cycles, Untraceable Function Pointers)</H3><H3>
Call chain for Maximum Stack Depth:</H3>
main &rArr; InitRootDevice &rArr; CtrlGetHubDescr &rArr; HostCtrlTransfer &rArr; USBHostTransact &rArr; AnalyzeRootHub &rArr; __2printf
<P>
<H3>
Mutually Recursive functions
</H3> <LI><a href="#[3]">SVC_Handler</a>&nbsp;&nbsp;&nbsp;&rArr;&nbsp;&nbsp;&nbsp;<a href="#[3]">SVC_Handler</a><BR>
 <LI><a href="#[4]">PendSV_Handler</a>&nbsp;&nbsp;&nbsp;&rArr;&nbsp;&nbsp;&nbsp;<a href="#[4]">PendSV_Handler</a><BR>
 <LI><a href="#[5]">SysTick_Handler</a>&nbsp;&nbsp;&nbsp;&rArr;&nbsp;&nbsp;&nbsp;<a href="#[5]">SysTick_Handler</a><BR>
 <LI><a href="#[13]">ADC_IRQHandler</a>&nbsp;&nbsp;&nbsp;&rArr;&nbsp;&nbsp;&nbsp;<a href="#[13]">ADC_IRQHandler</a><BR>
</UL>
<P>
<H3>
Function Pointers
</H3><UL>
 <LI><a href="#[13]">ADC_IRQHandler</a> from startup_armcm0.o(.text) referenced from startup_armcm0.o(RESET)
 <LI><a href="#[a]">BB_IRQHandler</a> from startup_armcm0.o(.text) referenced from startup_armcm0.o(RESET)
 <LI><a href="#[d]">ETH_IRQHandler</a> from startup_armcm0.o(.text) referenced from startup_armcm0.o(RESET)
 <LI><a href="#[7]">GPIO_IRQHandler</a> from startup_armcm0.o(.text) referenced from startup_armcm0.o(RESET)
 <LI><a href="#[2]">HardFault_Handler</a> from startup_armcm0.o(.text) referenced from startup_armcm0.o(RESET)
 <LI><a href="#[15]">LED_IRQHandler</a> from startup_armcm0.o(.text) referenced from startup_armcm0.o(RESET)
 <LI><a href="#[b]">LLE_IRQHandler</a> from startup_armcm0.o(.text) referenced from startup_armcm0.o(RESET)
 <LI><a href="#[1]">NMI_Handler</a> from ch57x_int.o(i.NMI_Handler) referenced from startup_armcm0.o(RESET)
 <LI><a href="#[4]">PendSV_Handler</a> from startup_armcm0.o(.text) referenced from startup_armcm0.o(RESET)
 <LI><a href="#[12]">RTC_IRQHandler</a> from startup_armcm0.o(.text) referenced from startup_armcm0.o(RESET)
 <LI><a href="#[0]">Reset_Handler</a> from startup_armcm0.o(.text) referenced from startup_armcm0.o(RESET)
 <LI><a href="#[8]">SLAVE_IRQHandler</a> from startup_armcm0.o(.text) referenced from startup_armcm0.o(RESET)
 <LI><a href="#[9]">SPI0_IRQHandler</a> from startup_armcm0.o(.text) referenced from startup_armcm0.o(RESET)
 <LI><a href="#[14]">SPI1_IRQHandler</a> from startup_armcm0.o(.text) referenced from startup_armcm0.o(RESET)
 <LI><a href="#[3]">SVC_Handler</a> from startup_armcm0.o(.text) referenced from startup_armcm0.o(RESET)
 <LI><a href="#[5]">SysTick_Handler</a> from startup_armcm0.o(.text) referenced from startup_armcm0.o(RESET)
 <LI><a href="#[1b]">SystemInit</a> from ch57x_clk.o(i.SystemInit) referenced from startup_armcm0.o(.text)
 <LI><a href="#[6]">TMR0_IRQHandler</a> from startup_armcm0.o(.text) referenced from startup_armcm0.o(RESET)
 <LI><a href="#[e]">TMR1_IRQHandler</a> from startup_armcm0.o(.text) referenced from startup_armcm0.o(RESET)
 <LI><a href="#[f]">TMR2_IRQHandler</a> from startup_armcm0.o(.text) referenced from startup_armcm0.o(RESET)
 <LI><a href="#[16]">TMR3_IRQHandler</a> from startup_armcm0.o(.text) referenced from startup_armcm0.o(RESET)
 <LI><a href="#[10]">UART0_IRQHandler</a> from startup_armcm0.o(.text) referenced from startup_armcm0.o(RESET)
 <LI><a href="#[11]">UART1_IRQHandler</a> from startup_armcm0.o(.text) referenced from startup_armcm0.o(RESET)
 <LI><a href="#[17]">UART2_IRQHandler</a> from startup_armcm0.o(.text) referenced from startup_armcm0.o(RESET)
 <LI><a href="#[18]">UART3_IRQHandler</a> from startup_armcm0.o(.text) referenced from startup_armcm0.o(RESET)
 <LI><a href="#[c]">USB_IRQHandler</a> from startup_armcm0.o(.text) referenced from startup_armcm0.o(RESET)
 <LI><a href="#[19]">WDT_IRQHandler</a> from startup_armcm0.o(.text) referenced from startup_armcm0.o(RESET)
 <LI><a href="#[1c]">__main</a> from entry.o(.ARM.Collect$$$$00000000) referenced from startup_armcm0.o(.text)
 <LI><a href="#[1d]">fputc</a> from ch57x_sys.o(i.fputc) referenced from printf8.o(i.__0printf$8)
 <LI><a href="#[1a]">main</a> from main.o(i.main) referenced from entry9a.o(.ARM.Collect$$$$0000000B)
</UL>
<P>
<H3>
Global Symbols
</H3>
<P><STRONG><a name="[1c]"></a>__main</STRONG> (Thumb, 0 bytes, Stack size unknown bytes, entry.o(.ARM.Collect$$$$00000000))
<BR>[Address Reference Count : 1]<UL><LI> startup_armcm0.o(.text)
</UL>
<P><STRONG><a name="[5a]"></a>_main_stk</STRONG> (Thumb, 0 bytes, Stack size unknown bytes, entry2.o(.ARM.Collect$$$$00000001))

<P><STRONG><a name="[1e]"></a>_main_scatterload</STRONG> (Thumb, 0 bytes, Stack size unknown bytes, entry5.o(.ARM.Collect$$$$00000004))
<BR><BR>[Calls]<UL><LI><a href="#[1f]">&gt;&gt;</a>&nbsp;&nbsp;&nbsp;__scatterload
</UL>

<P><STRONG><a name="[27]"></a>__main_after_scatterload</STRONG> (Thumb, 0 bytes, Stack size unknown bytes, entry5.o(.ARM.Collect$$$$00000004))
<BR><BR>[Called By]<UL><LI><a href="#[1f]">&gt;&gt;</a>&nbsp;&nbsp;&nbsp;__scatterload
</UL>

<P><STRONG><a name="[5b]"></a>_main_clock</STRONG> (Thumb, 0 bytes, Stack size unknown bytes, entry7b.o(.ARM.Collect$$$$00000008))

<P><STRONG><a name="[5c]"></a>_main_cpp_init</STRONG> (Thumb, 0 bytes, Stack size unknown bytes, entry8b.o(.ARM.Collect$$$$0000000A))

<P><STRONG><a name="[5d]"></a>_main_init</STRONG> (Thumb, 0 bytes, Stack size unknown bytes, entry9a.o(.ARM.Collect$$$$0000000B))

<P><STRONG><a name="[20]"></a>__rt_lib_shutdown_fini</STRONG> (Thumb, 0 bytes, Stack size unknown bytes, entry12b.o(.ARM.Collect$$$$0000000E))
<BR><BR>[Calls]<UL><LI><a href="#[21]">&gt;&gt;</a>&nbsp;&nbsp;&nbsp;__arm_fini_ (Weak Reference)
</UL>

<P><STRONG><a name="[5e]"></a>__rt_final_cpp</STRONG> (Thumb, 0 bytes, Stack size unknown bytes, entry10a.o(.ARM.Collect$$$$0000000F))

<P><STRONG><a name="[5f]"></a>__rt_final_exit</STRONG> (Thumb, 0 bytes, Stack size unknown bytes, entry11a.o(.ARM.Collect$$$$00000011))

<P><STRONG><a name="[0]"></a>Reset_Handler</STRONG> (Thumb, 8 bytes, Stack size 0 bytes, startup_armcm0.o(.text))
<BR>[Address Reference Count : 1]<UL><LI> startup_armcm0.o(RESET)
</UL>
<P><STRONG><a name="[2]"></a>HardFault_Handler</STRONG> (Thumb, 0 bytes, Stack size 0 bytes, startup_armcm0.o(.text))
<BR>[Address Reference Count : 1]<UL><LI> startup_armcm0.o(RESET)
</UL>
<P><STRONG><a name="[3]"></a>SVC_Handler</STRONG> (Thumb, 2 bytes, Stack size 0 bytes, startup_armcm0.o(.text))
<BR><BR>[Calls]<UL><LI><a href="#[3]">&gt;&gt;</a>&nbsp;&nbsp;&nbsp;SVC_Handler
</UL>
<BR>[Called By]<UL><LI><a href="#[3]">&gt;&gt;</a>&nbsp;&nbsp;&nbsp;SVC_Handler
</UL>
<BR>[Address Reference Count : 1]<UL><LI> startup_armcm0.o(RESET)
</UL>
<P><STRONG><a name="[4]"></a>PendSV_Handler</STRONG> (Thumb, 2 bytes, Stack size 0 bytes, startup_armcm0.o(.text))
<BR><BR>[Calls]<UL><LI><a href="#[4]">&gt;&gt;</a>&nbsp;&nbsp;&nbsp;PendSV_Handler
</UL>
<BR>[Called By]<UL><LI><a href="#[4]">&gt;&gt;</a>&nbsp;&nbsp;&nbsp;PendSV_Handler
</UL>
<BR>[Address Reference Count : 1]<UL><LI> startup_armcm0.o(RESET)
</UL>
<P><STRONG><a name="[5]"></a>SysTick_Handler</STRONG> (Thumb, 2 bytes, Stack size 0 bytes, startup_armcm0.o(.text))
<BR><BR>[Calls]<UL><LI><a href="#[5]">&gt;&gt;</a>&nbsp;&nbsp;&nbsp;SysTick_Handler
</UL>
<BR>[Called By]<UL><LI><a href="#[5]">&gt;&gt;</a>&nbsp;&nbsp;&nbsp;SysTick_Handler
</UL>
<BR>[Address Reference Count : 1]<UL><LI> startup_armcm0.o(RESET)
</UL>
<P><STRONG><a name="[13]"></a>ADC_IRQHandler</STRONG> (Thumb, 0 bytes, Stack size 0 bytes, startup_armcm0.o(.text))
<BR><BR>[Calls]<UL><LI><a href="#[13]">&gt;&gt;</a>&nbsp;&nbsp;&nbsp;ADC_IRQHandler
</UL>
<BR>[Called By]<UL><LI><a href="#[13]">&gt;&gt;</a>&nbsp;&nbsp;&nbsp;ADC_IRQHandler
</UL>
<BR>[Address Reference Count : 1]<UL><LI> startup_armcm0.o(RESET)
</UL>
<P><STRONG><a name="[a]"></a>BB_IRQHandler</STRONG> (Thumb, 0 bytes, Stack size 0 bytes, startup_armcm0.o(.text))
<BR>[Address Reference Count : 1]<UL><LI> startup_armcm0.o(RESET)
</UL>
<P><STRONG><a name="[d]"></a>ETH_IRQHandler</STRONG> (Thumb, 0 bytes, Stack size 0 bytes, startup_armcm0.o(.text))
<BR>[Address Reference Count : 1]<UL><LI> startup_armcm0.o(RESET)
</UL>
<P><STRONG><a name="[7]"></a>GPIO_IRQHandler</STRONG> (Thumb, 0 bytes, Stack size 0 bytes, startup_armcm0.o(.text))
<BR>[Address Reference Count : 1]<UL><LI> startup_armcm0.o(RESET)
</UL>
<P><STRONG><a name="[15]"></a>LED_IRQHandler</STRONG> (Thumb, 0 bytes, Stack size 0 bytes, startup_armcm0.o(.text))
<BR>[Address Reference Count : 1]<UL><LI> startup_armcm0.o(RESET)
</UL>
<P><STRONG><a name="[b]"></a>LLE_IRQHandler</STRONG> (Thumb, 0 bytes, Stack size 0 bytes, startup_armcm0.o(.text))
<BR>[Address Reference Count : 1]<UL><LI> startup_armcm0.o(RESET)
</UL>
<P><STRONG><a name="[12]"></a>RTC_IRQHandler</STRONG> (Thumb, 0 bytes, Stack size 0 bytes, startup_armcm0.o(.text))
<BR>[Address Reference Count : 1]<UL><LI> startup_armcm0.o(RESET)
</UL>
<P><STRONG><a name="[8]"></a>SLAVE_IRQHandler</STRONG> (Thumb, 0 bytes, Stack size 0 bytes, startup_armcm0.o(.text))
<BR>[Address Reference Count : 1]<UL><LI> startup_armcm0.o(RESET)
</UL>
<P><STRONG><a name="[9]"></a>SPI0_IRQHandler</STRONG> (Thumb, 0 bytes, Stack size 0 bytes, startup_armcm0.o(.text))
<BR>[Address Reference Count : 1]<UL><LI> startup_armcm0.o(RESET)
</UL>
<P><STRONG><a name="[14]"></a>SPI1_IRQHandler</STRONG> (Thumb, 0 bytes, Stack size 0 bytes, startup_armcm0.o(.text))
<BR>[Address Reference Count : 1]<UL><LI> startup_armcm0.o(RESET)
</UL>
<P><STRONG><a name="[6]"></a>TMR0_IRQHandler</STRONG> (Thumb, 0 bytes, Stack size 0 bytes, startup_armcm0.o(.text))
<BR>[Address Reference Count : 1]<UL><LI> startup_armcm0.o(RESET)
</UL>
<P><STRONG><a name="[e]"></a>TMR1_IRQHandler</STRONG> (Thumb, 0 bytes, Stack size 0 bytes, startup_armcm0.o(.text))
<BR>[Address Reference Count : 1]<UL><LI> startup_armcm0.o(RESET)
</UL>
<P><STRONG><a name="[f]"></a>TMR2_IRQHandler</STRONG> (Thumb, 0 bytes, Stack size 0 bytes, startup_armcm0.o(.text))
<BR>[Address Reference Count : 1]<UL><LI> startup_armcm0.o(RESET)
</UL>
<P><STRONG><a name="[16]"></a>TMR3_IRQHandler</STRONG> (Thumb, 0 bytes, Stack size 0 bytes, startup_armcm0.o(.text))
<BR>[Address Reference Count : 1]<UL><LI> startup_armcm0.o(RESET)
</UL>
<P><STRONG><a name="[10]"></a>UART0_IRQHandler</STRONG> (Thumb, 0 bytes, Stack size 0 bytes, startup_armcm0.o(.text))
<BR>[Address Reference Count : 1]<UL><LI> startup_armcm0.o(RESET)
</UL>
<P><STRONG><a name="[11]"></a>UART1_IRQHandler</STRONG> (Thumb, 0 bytes, Stack size 0 bytes, startup_armcm0.o(.text))
<BR>[Address Reference Count : 1]<UL><LI> startup_armcm0.o(RESET)
</UL>
<P><STRONG><a name="[17]"></a>UART2_IRQHandler</STRONG> (Thumb, 0 bytes, Stack size 0 bytes, startup_armcm0.o(.text))
<BR>[Address Reference Count : 1]<UL><LI> startup_armcm0.o(RESET)
</UL>
<P><STRONG><a name="[18]"></a>UART3_IRQHandler</STRONG> (Thumb, 0 bytes, Stack size 0 bytes, startup_armcm0.o(.text))
<BR>[Address Reference Count : 1]<UL><LI> startup_armcm0.o(RESET)
</UL>
<P><STRONG><a name="[c]"></a>USB_IRQHandler</STRONG> (Thumb, 0 bytes, Stack size 0 bytes, startup_armcm0.o(.text))
<BR>[Address Reference Count : 1]<UL><LI> startup_armcm0.o(RESET)
</UL>
<P><STRONG><a name="[19]"></a>WDT_IRQHandler</STRONG> (Thumb, 0 bytes, Stack size 0 bytes, startup_armcm0.o(.text))
<BR>[Address Reference Count : 1]<UL><LI> startup_armcm0.o(RESET)
</UL>
<P><STRONG><a name="[60]"></a>__aeabi_uidiv</STRONG> (Thumb, 0 bytes, Stack size 12 bytes, uidiv.o(.text), UNUSED)

<P><STRONG><a name="[23]"></a>__aeabi_uidivmod</STRONG> (Thumb, 44 bytes, Stack size 12 bytes, uidiv.o(.text))
<BR><BR>[Stack]<UL><LI>Max Depth = 12<LI>Call Chain = __aeabi_uidivmod
</UL>
<BR>[Called By]<UL><LI><a href="#[58]">&gt;&gt;</a>&nbsp;&nbsp;&nbsp;up_putdec
<LI><a href="#[4e]">&gt;&gt;</a>&nbsp;&nbsp;&nbsp;UART1_BaudRateCfg
<LI><a href="#[22]">&gt;&gt;</a>&nbsp;&nbsp;&nbsp;__aeabi_idivmod
</UL>

<P><STRONG><a name="[61]"></a>__aeabi_idiv</STRONG> (Thumb, 0 bytes, Stack size 16 bytes, idiv.o(.text), UNUSED)

<P><STRONG><a name="[22]"></a>__aeabi_idivmod</STRONG> (Thumb, 40 bytes, Stack size 16 bytes, idiv.o(.text))
<BR><BR>[Stack]<UL><LI>Max Depth = 28<LI>Call Chain = __aeabi_idivmod &rArr; __aeabi_uidivmod
</UL>
<BR>[Calls]<UL><LI><a href="#[23]">&gt;&gt;</a>&nbsp;&nbsp;&nbsp;__aeabi_uidivmod
</UL>
<BR>[Called By]<UL><LI><a href="#[36]">&gt;&gt;</a>&nbsp;&nbsp;&nbsp;GetSysClock
</UL>

<P><STRONG><a name="[24]"></a>__aeabi_uldivmod</STRONG> (Thumb, 96 bytes, Stack size 48 bytes, uldiv.o(.text), UNUSED)
<BR><BR>[Calls]<UL><LI><a href="#[25]">&gt;&gt;</a>&nbsp;&nbsp;&nbsp;__aeabi_llsr
<LI><a href="#[26]">&gt;&gt;</a>&nbsp;&nbsp;&nbsp;__aeabi_llsl
</UL>
<BR>[Called By]<UL><LI><a href="#[52]">&gt;&gt;</a>&nbsp;&nbsp;&nbsp;_printf_core
</UL>

<P><STRONG><a name="[1f]"></a>__scatterload</STRONG> (Thumb, 28 bytes, Stack size 0 bytes, init.o(.text))
<BR><BR>[Calls]<UL><LI><a href="#[27]">&gt;&gt;</a>&nbsp;&nbsp;&nbsp;__main_after_scatterload
</UL>
<BR>[Called By]<UL><LI><a href="#[1e]">&gt;&gt;</a>&nbsp;&nbsp;&nbsp;_main_scatterload
</UL>

<P><STRONG><a name="[62]"></a>__scatterload_rt2</STRONG> (Thumb, 0 bytes, Stack size 0 bytes, init.o(.text), UNUSED)

<P><STRONG><a name="[26]"></a>__aeabi_llsl</STRONG> (Thumb, 32 bytes, Stack size 8 bytes, llshl.o(.text), UNUSED)
<BR><BR>[Called By]<UL><LI><a href="#[24]">&gt;&gt;</a>&nbsp;&nbsp;&nbsp;__aeabi_uldivmod
</UL>

<P><STRONG><a name="[63]"></a>_ll_shift_l</STRONG> (Thumb, 0 bytes, Stack size 8 bytes, llshl.o(.text), UNUSED)

<P><STRONG><a name="[25]"></a>__aeabi_llsr</STRONG> (Thumb, 34 bytes, Stack size 8 bytes, llushr.o(.text), UNUSED)
<BR><BR>[Called By]<UL><LI><a href="#[24]">&gt;&gt;</a>&nbsp;&nbsp;&nbsp;__aeabi_uldivmod
</UL>

<P><STRONG><a name="[64]"></a>_ll_ushift_r</STRONG> (Thumb, 0 bytes, Stack size 8 bytes, llushr.o(.text), UNUSED)

<P><STRONG><a name="[28]"></a>AnalyzeRootHub</STRONG> (Thumb, 96 bytes, Stack size 8 bytes, ch57x_usbhostbase.o(i.AnalyzeRootHub))
<BR><BR>[Stack]<UL><LI>Max Depth = 32<LI>Call Chain = AnalyzeRootHub &rArr; __2printf
</UL>
<BR>[Calls]<UL><LI><a href="#[2a]">&gt;&gt;</a>&nbsp;&nbsp;&nbsp;__2printf
<LI><a href="#[29]">&gt;&gt;</a>&nbsp;&nbsp;&nbsp;DisableRootHubPort
</UL>
<BR>[Called By]<UL><LI><a href="#[3b]">&gt;&gt;</a>&nbsp;&nbsp;&nbsp;USBHostTransact
<LI><a href="#[1a]">&gt;&gt;</a>&nbsp;&nbsp;&nbsp;main
</UL>

<P><STRONG><a name="[2c]"></a>CopySetupReqPkg</STRONG> (Thumb, 26 bytes, Stack size 0 bytes, ch57x_usbhostbase.o(i.CopySetupReqPkg))
<BR><BR>[Called By]<UL><LI><a href="#[39]">&gt;&gt;</a>&nbsp;&nbsp;&nbsp;HID_SetProtocol
<LI><a href="#[38]">&gt;&gt;</a>&nbsp;&nbsp;&nbsp;HID_SetIdle
<LI><a href="#[37]">&gt;&gt;</a>&nbsp;&nbsp;&nbsp;HID_GetReportDescr
<LI><a href="#[2f]">&gt;&gt;</a>&nbsp;&nbsp;&nbsp;CtrlGetHubDescr
<LI><a href="#[33]">&gt;&gt;</a>&nbsp;&nbsp;&nbsp;CtrlSetUsbConfig
<LI><a href="#[30]">&gt;&gt;</a>&nbsp;&nbsp;&nbsp;CtrlSetUsbAddress
<LI><a href="#[2e]">&gt;&gt;</a>&nbsp;&nbsp;&nbsp;CtrlGetDeviceDescr
<LI><a href="#[2b]">&gt;&gt;</a>&nbsp;&nbsp;&nbsp;CtrlGetConfigDescr
</UL>

<P><STRONG><a name="[2b]"></a>CtrlGetConfigDescr</STRONG> (Thumb, 98 bytes, Stack size 16 bytes, ch57x_usbhostbase.o(i.CtrlGetConfigDescr))
<BR><BR>[Stack]<UL><LI>Max Depth = 128<LI>Call Chain = CtrlGetConfigDescr &rArr; HostCtrlTransfer &rArr; USBHostTransact &rArr; AnalyzeRootHub &rArr; __2printf
</UL>
<BR>[Calls]<UL><LI><a href="#[2d]">&gt;&gt;</a>&nbsp;&nbsp;&nbsp;HostCtrlTransfer
<LI><a href="#[2c]">&gt;&gt;</a>&nbsp;&nbsp;&nbsp;CopySetupReqPkg
</UL>
<BR>[Called By]<UL><LI><a href="#[3c]">&gt;&gt;</a>&nbsp;&nbsp;&nbsp;InitRootDevice
</UL>

<P><STRONG><a name="[2e]"></a>CtrlGetDeviceDescr</STRONG> (Thumb, 60 bytes, Stack size 16 bytes, ch57x_usbhostbase.o(i.CtrlGetDeviceDescr))
<BR><BR>[Stack]<UL><LI>Max Depth = 128<LI>Call Chain = CtrlGetDeviceDescr &rArr; HostCtrlTransfer &rArr; USBHostTransact &rArr; AnalyzeRootHub &rArr; __2printf
</UL>
<BR>[Calls]<UL><LI><a href="#[2d]">&gt;&gt;</a>&nbsp;&nbsp;&nbsp;HostCtrlTransfer
<LI><a href="#[2c]">&gt;&gt;</a>&nbsp;&nbsp;&nbsp;CopySetupReqPkg
</UL>
<BR>[Called By]<UL><LI><a href="#[3c]">&gt;&gt;</a>&nbsp;&nbsp;&nbsp;InitRootDevice
</UL>

<P><STRONG><a name="[2f]"></a>CtrlGetHubDescr</STRONG> (Thumb, 46 bytes, Stack size 16 bytes, ch57x_usbhostclass.o(i.CtrlGetHubDescr))
<BR><BR>[Stack]<UL><LI>Max Depth = 128<LI>Call Chain = CtrlGetHubDescr &rArr; HostCtrlTransfer &rArr; USBHostTransact &rArr; AnalyzeRootHub &rArr; __2printf
</UL>
<BR>[Calls]<UL><LI><a href="#[2d]">&gt;&gt;</a>&nbsp;&nbsp;&nbsp;HostCtrlTransfer
<LI><a href="#[2c]">&gt;&gt;</a>&nbsp;&nbsp;&nbsp;CopySetupReqPkg
</UL>
<BR>[Called By]<UL><LI><a href="#[3c]">&gt;&gt;</a>&nbsp;&nbsp;&nbsp;InitRootDevice
</UL>

<P><STRONG><a name="[30]"></a>CtrlSetUsbAddress</STRONG> (Thumb, 54 bytes, Stack size 16 bytes, ch57x_usbhostbase.o(i.CtrlSetUsbAddress))
<BR><BR>[Stack]<UL><LI>Max Depth = 128<LI>Call Chain = CtrlSetUsbAddress &rArr; HostCtrlTransfer &rArr; USBHostTransact &rArr; AnalyzeRootHub &rArr; __2printf
</UL>
<BR>[Calls]<UL><LI><a href="#[32]">&gt;&gt;</a>&nbsp;&nbsp;&nbsp;mDelaymS
<LI><a href="#[2d]">&gt;&gt;</a>&nbsp;&nbsp;&nbsp;HostCtrlTransfer
<LI><a href="#[2c]">&gt;&gt;</a>&nbsp;&nbsp;&nbsp;CopySetupReqPkg
<LI><a href="#[31]">&gt;&gt;</a>&nbsp;&nbsp;&nbsp;SetHostUsbAddr
</UL>
<BR>[Called By]<UL><LI><a href="#[3c]">&gt;&gt;</a>&nbsp;&nbsp;&nbsp;InitRootDevice
</UL>

<P><STRONG><a name="[33]"></a>CtrlSetUsbConfig</STRONG> (Thumb, 30 bytes, Stack size 8 bytes, ch57x_usbhostbase.o(i.CtrlSetUsbConfig))
<BR><BR>[Stack]<UL><LI>Max Depth = 120<LI>Call Chain = CtrlSetUsbConfig &rArr; HostCtrlTransfer &rArr; USBHostTransact &rArr; AnalyzeRootHub &rArr; __2printf
</UL>
<BR>[Calls]<UL><LI><a href="#[2d]">&gt;&gt;</a>&nbsp;&nbsp;&nbsp;HostCtrlTransfer
<LI><a href="#[2c]">&gt;&gt;</a>&nbsp;&nbsp;&nbsp;CopySetupReqPkg
</UL>
<BR>[Called By]<UL><LI><a href="#[3c]">&gt;&gt;</a>&nbsp;&nbsp;&nbsp;InitRootDevice
</UL>

<P><STRONG><a name="[29]"></a>DisableRootHubPort</STRONG> (Thumb, 10 bytes, Stack size 0 bytes, ch57x_usbhostbase.o(i.DisableRootHubPort))
<BR><BR>[Called By]<UL><LI><a href="#[50]">&gt;&gt;</a>&nbsp;&nbsp;&nbsp;USB_HostInit
<LI><a href="#[3c]">&gt;&gt;</a>&nbsp;&nbsp;&nbsp;InitRootDevice
<LI><a href="#[28]">&gt;&gt;</a>&nbsp;&nbsp;&nbsp;AnalyzeRootHub
</UL>

<P><STRONG><a name="[3e]"></a>EnableRootHubPort</STRONG> (Thumb, 92 bytes, Stack size 0 bytes, ch57x_usbhostbase.o(i.EnableRootHubPort))
<BR><BR>[Called By]<UL><LI><a href="#[3c]">&gt;&gt;</a>&nbsp;&nbsp;&nbsp;InitRootDevice
</UL>

<P><STRONG><a name="[34]"></a>GPIOA_ModeCfg</STRONG> (Thumb, 146 bytes, Stack size 4 bytes, ch57x_gpio.o(i.GPIOA_ModeCfg))
<BR><BR>[Stack]<UL><LI>Max Depth = 12<LI>Call Chain = GPIOA_ModeCfg &rArr; __ARM_common_switch8
</UL>
<BR>[Calls]<UL><LI><a href="#[35]">&gt;&gt;</a>&nbsp;&nbsp;&nbsp;__ARM_common_switch8
</UL>
<BR>[Called By]<UL><LI><a href="#[1a]">&gt;&gt;</a>&nbsp;&nbsp;&nbsp;main
</UL>

<P><STRONG><a name="[36]"></a>GetSysClock</STRONG> (Thumb, 66 bytes, Stack size 8 bytes, ch57x_clk.o(i.GetSysClock))
<BR><BR>[Stack]<UL><LI>Max Depth = 36<LI>Call Chain = GetSysClock &rArr; __aeabi_idivmod &rArr; __aeabi_uidivmod
</UL>
<BR>[Calls]<UL><LI><a href="#[22]">&gt;&gt;</a>&nbsp;&nbsp;&nbsp;__aeabi_idivmod
</UL>
<BR>[Called By]<UL><LI><a href="#[4e]">&gt;&gt;</a>&nbsp;&nbsp;&nbsp;UART1_BaudRateCfg
</UL>

<P><STRONG><a name="[2d]"></a>HostCtrlTransfer</STRONG> (Thumb, 426 bytes, Stack size 40 bytes, ch57x_usbhostbase.o(i.HostCtrlTransfer))
<BR><BR>[Stack]<UL><LI>Max Depth = 112<LI>Call Chain = HostCtrlTransfer &rArr; USBHostTransact &rArr; AnalyzeRootHub &rArr; __2printf
</UL>
<BR>[Calls]<UL><LI><a href="#[3a]">&gt;&gt;</a>&nbsp;&nbsp;&nbsp;mDelayuS
<LI><a href="#[3b]">&gt;&gt;</a>&nbsp;&nbsp;&nbsp;USBHostTransact
</UL>
<BR>[Called By]<UL><LI><a href="#[39]">&gt;&gt;</a>&nbsp;&nbsp;&nbsp;HID_SetProtocol
<LI><a href="#[38]">&gt;&gt;</a>&nbsp;&nbsp;&nbsp;HID_SetIdle
<LI><a href="#[37]">&gt;&gt;</a>&nbsp;&nbsp;&nbsp;HID_GetReportDescr
<LI><a href="#[2f]">&gt;&gt;</a>&nbsp;&nbsp;&nbsp;CtrlGetHubDescr
<LI><a href="#[33]">&gt;&gt;</a>&nbsp;&nbsp;&nbsp;CtrlSetUsbConfig
<LI><a href="#[30]">&gt;&gt;</a>&nbsp;&nbsp;&nbsp;CtrlSetUsbAddress
<LI><a href="#[2e]">&gt;&gt;</a>&nbsp;&nbsp;&nbsp;CtrlGetDeviceDescr
<LI><a href="#[2b]">&gt;&gt;</a>&nbsp;&nbsp;&nbsp;CtrlGetConfigDescr
</UL>

<P><STRONG><a name="[3c]"></a>InitRootDevice</STRONG> (Thumb, 560 bytes, Stack size 24 bytes, ch57x_usbhostclass.o(i.InitRootDevice))
<BR><BR>[Stack]<UL><LI>Max Depth = 152<LI>Call Chain = InitRootDevice &rArr; CtrlGetHubDescr &rArr; HostCtrlTransfer &rArr; USBHostTransact &rArr; AnalyzeRootHub &rArr; __2printf
</UL>
<BR>[Calls]<UL><LI><a href="#[32]">&gt;&gt;</a>&nbsp;&nbsp;&nbsp;mDelaymS
<LI><a href="#[2a]">&gt;&gt;</a>&nbsp;&nbsp;&nbsp;__2printf
<LI><a href="#[2f]">&gt;&gt;</a>&nbsp;&nbsp;&nbsp;CtrlGetHubDescr
<LI><a href="#[3f]">&gt;&gt;</a>&nbsp;&nbsp;&nbsp;SetUsbSpeed
<LI><a href="#[3d]">&gt;&gt;</a>&nbsp;&nbsp;&nbsp;ResetRootHubPort
<LI><a href="#[3e]">&gt;&gt;</a>&nbsp;&nbsp;&nbsp;EnableRootHubPort
<LI><a href="#[29]">&gt;&gt;</a>&nbsp;&nbsp;&nbsp;DisableRootHubPort
<LI><a href="#[33]">&gt;&gt;</a>&nbsp;&nbsp;&nbsp;CtrlSetUsbConfig
<LI><a href="#[30]">&gt;&gt;</a>&nbsp;&nbsp;&nbsp;CtrlSetUsbAddress
<LI><a href="#[2e]">&gt;&gt;</a>&nbsp;&nbsp;&nbsp;CtrlGetDeviceDescr
<LI><a href="#[2b]">&gt;&gt;</a>&nbsp;&nbsp;&nbsp;CtrlGetConfigDescr
</UL>
<BR>[Called By]<UL><LI><a href="#[1a]">&gt;&gt;</a>&nbsp;&nbsp;&nbsp;main
</UL>

<P><STRONG><a name="[40]"></a>LClk32K_Select</STRONG> (Thumb, 68 bytes, Stack size 8 bytes, ch57x_clk.o(i.LClk32K_Select))
<BR><BR>[Stack]<UL><LI>Max Depth = 16<LI>Call Chain = LClk32K_Select &rArr; LClk32k_Power
</UL>
<BR>[Calls]<UL><LI><a href="#[41]">&gt;&gt;</a>&nbsp;&nbsp;&nbsp;LClk32k_Power
</UL>
<BR>[Called By]<UL><LI><a href="#[47]">&gt;&gt;</a>&nbsp;&nbsp;&nbsp;SetSysClock
</UL>

<P><STRONG><a name="[41]"></a>LClk32k_Power</STRONG> (Thumb, 182 bytes, Stack size 8 bytes, ch57x_clk.o(i.LClk32k_Power))
<BR><BR>[Stack]<UL><LI>Max Depth = 8<LI>Call Chain = LClk32k_Power
</UL>
<BR>[Called By]<UL><LI><a href="#[40]">&gt;&gt;</a>&nbsp;&nbsp;&nbsp;LClk32K_Select
</UL>

<P><STRONG><a name="[1]"></a>NMI_Handler</STRONG> (Thumb, 146 bytes, Stack size 0 bytes, ch57x_int.o(i.NMI_Handler))
<BR>[Address Reference Count : 1]<UL><LI> startup_armcm0.o(RESET)
</UL>
<P><STRONG><a name="[55]"></a>PWR_UnitModCfg</STRONG> (Thumb, 154 bytes, Stack size 0 bytes, ch57x_pwr.o(i.PWR_UnitModCfg))
<BR><BR>[Called By]<UL><LI><a href="#[1a]">&gt;&gt;</a>&nbsp;&nbsp;&nbsp;main
</UL>

<P><STRONG><a name="[46]"></a>PowerMonitor</STRONG> (Thumb, 90 bytes, Stack size 8 bytes, ch57x_pwr.o(i.PowerMonitor))
<BR><BR>[Stack]<UL><LI>Max Depth = 16<LI>Call Chain = PowerMonitor &rArr; mDelayuS
</UL>
<BR>[Calls]<UL><LI><a href="#[3a]">&gt;&gt;</a>&nbsp;&nbsp;&nbsp;mDelayuS
</UL>
<BR>[Called By]<UL><LI><a href="#[1b]">&gt;&gt;</a>&nbsp;&nbsp;&nbsp;SystemInit
</UL>

<P><STRONG><a name="[3d]"></a>ResetRootHubPort</STRONG> (Thumb, 80 bytes, Stack size 8 bytes, ch57x_usbhostbase.o(i.ResetRootHubPort))
<BR><BR>[Stack]<UL><LI>Max Depth = 28<LI>Call Chain = ResetRootHubPort &rArr; mDelaymS &rArr; mDelayuS
</UL>
<BR>[Calls]<UL><LI><a href="#[3a]">&gt;&gt;</a>&nbsp;&nbsp;&nbsp;mDelayuS
<LI><a href="#[32]">&gt;&gt;</a>&nbsp;&nbsp;&nbsp;mDelaymS
<LI><a href="#[3f]">&gt;&gt;</a>&nbsp;&nbsp;&nbsp;SetUsbSpeed
<LI><a href="#[31]">&gt;&gt;</a>&nbsp;&nbsp;&nbsp;SetHostUsbAddr
</UL>
<BR>[Called By]<UL><LI><a href="#[3c]">&gt;&gt;</a>&nbsp;&nbsp;&nbsp;InitRootDevice
</UL>

<P><STRONG><a name="[4b]"></a>SYS_ClkINT32MPon</STRONG> (Thumb, 46 bytes, Stack size 0 bytes, ch57x_clk.o(i.SYS_ClkINT32MPon))
<BR><BR>[Called By]<UL><LI><a href="#[47]">&gt;&gt;</a>&nbsp;&nbsp;&nbsp;SetSysClock
</UL>

<P><STRONG><a name="[49]"></a>SYS_ClkXT32MPon</STRONG> (Thumb, 60 bytes, Stack size 0 bytes, ch57x_clk.o(i.SYS_ClkXT32MPon))
<BR><BR>[Called By]<UL><LI><a href="#[47]">&gt;&gt;</a>&nbsp;&nbsp;&nbsp;SetSysClock
</UL>

<P><STRONG><a name="[4d]"></a>SYS_PLLPon</STRONG> (Thumb, 58 bytes, Stack size 0 bytes, ch57x_clk.o(i.SYS_PLLPon))
<BR><BR>[Called By]<UL><LI><a href="#[47]">&gt;&gt;</a>&nbsp;&nbsp;&nbsp;SetSysClock
</UL>

<P><STRONG><a name="[31]"></a>SetHostUsbAddr</STRONG> (Thumb, 20 bytes, Stack size 0 bytes, ch57x_usbhostbase.o(i.SetHostUsbAddr))
<BR><BR>[Called By]<UL><LI><a href="#[3d]">&gt;&gt;</a>&nbsp;&nbsp;&nbsp;ResetRootHubPort
<LI><a href="#[30]">&gt;&gt;</a>&nbsp;&nbsp;&nbsp;CtrlSetUsbAddress
</UL>

<P><STRONG><a name="[47]"></a>SetSysClock</STRONG> (Thumb, 562 bytes, Stack size 8 bytes, ch57x_clk.o(i.SetSysClock))
<BR><BR>[Stack]<UL><LI>Max Depth = 24<LI>Call Chain = SetSysClock &rArr; LClk32K_Select &rArr; LClk32k_Power
</UL>
<BR>[Calls]<UL><LI><a href="#[4d]">&gt;&gt;</a>&nbsp;&nbsp;&nbsp;SYS_PLLPon
<LI><a href="#[49]">&gt;&gt;</a>&nbsp;&nbsp;&nbsp;SYS_ClkXT32MPon
<LI><a href="#[4b]">&gt;&gt;</a>&nbsp;&nbsp;&nbsp;SYS_ClkINT32MPon
<LI><a href="#[40]">&gt;&gt;</a>&nbsp;&nbsp;&nbsp;LClk32K_Select
<LI><a href="#[4c]">&gt;&gt;</a>&nbsp;&nbsp;&nbsp;SYS_IsPLLPon
<LI><a href="#[48]">&gt;&gt;</a>&nbsp;&nbsp;&nbsp;SYS_IsClkXT32MPon
<LI><a href="#[4a]">&gt;&gt;</a>&nbsp;&nbsp;&nbsp;SYS_IsClkINT32MPon
<LI><a href="#[35]">&gt;&gt;</a>&nbsp;&nbsp;&nbsp;__ARM_common_switch8
</UL>
<BR>[Called By]<UL><LI><a href="#[1a]">&gt;&gt;</a>&nbsp;&nbsp;&nbsp;main
</UL>

<P><STRONG><a name="[3f]"></a>SetUsbSpeed</STRONG> (Thumb, 48 bytes, Stack size 0 bytes, ch57x_usbhostbase.o(i.SetUsbSpeed))
<BR><BR>[Called By]<UL><LI><a href="#[3c]">&gt;&gt;</a>&nbsp;&nbsp;&nbsp;InitRootDevice
<LI><a href="#[3d]">&gt;&gt;</a>&nbsp;&nbsp;&nbsp;ResetRootHubPort
</UL>

<P><STRONG><a name="[1b]"></a>SystemInit</STRONG> (Thumb, 104 bytes, Stack size 8 bytes, ch57x_clk.o(i.SystemInit))
<BR><BR>[Stack]<UL><LI>Max Depth = 24<LI>Call Chain = SystemInit &rArr; PowerMonitor &rArr; mDelayuS
</UL>
<BR>[Calls]<UL><LI><a href="#[3a]">&gt;&gt;</a>&nbsp;&nbsp;&nbsp;mDelayuS
<LI><a href="#[46]">&gt;&gt;</a>&nbsp;&nbsp;&nbsp;PowerMonitor
</UL>
<BR>[Address Reference Count : 1]<UL><LI> startup_armcm0.o(.text)
</UL>
<P><STRONG><a name="[4e]"></a>UART1_BaudRateCfg</STRONG> (Thumb, 40 bytes, Stack size 16 bytes, ch57x_uart1.o(i.UART1_BaudRateCfg))
<BR><BR>[Stack]<UL><LI>Max Depth = 52<LI>Call Chain = UART1_BaudRateCfg &rArr; GetSysClock &rArr; __aeabi_idivmod &rArr; __aeabi_uidivmod
</UL>
<BR>[Calls]<UL><LI><a href="#[36]">&gt;&gt;</a>&nbsp;&nbsp;&nbsp;GetSysClock
<LI><a href="#[23]">&gt;&gt;</a>&nbsp;&nbsp;&nbsp;__aeabi_uidivmod
</UL>
<BR>[Called By]<UL><LI><a href="#[4f]">&gt;&gt;</a>&nbsp;&nbsp;&nbsp;UART1_DefInit
</UL>

<P><STRONG><a name="[4f]"></a>UART1_DefInit</STRONG> (Thumb, 30 bytes, Stack size 8 bytes, ch57x_uart1.o(i.UART1_DefInit))
<BR><BR>[Stack]<UL><LI>Max Depth = 60<LI>Call Chain = UART1_DefInit &rArr; UART1_BaudRateCfg &rArr; GetSysClock &rArr; __aeabi_idivmod &rArr; __aeabi_uidivmod
</UL>
<BR>[Calls]<UL><LI><a href="#[4e]">&gt;&gt;</a>&nbsp;&nbsp;&nbsp;UART1_BaudRateCfg
</UL>
<BR>[Called By]<UL><LI><a href="#[1a]">&gt;&gt;</a>&nbsp;&nbsp;&nbsp;main
</UL>

<P><STRONG><a name="[3b]"></a>USBHostTransact</STRONG> (Thumb, 342 bytes, Stack size 40 bytes, ch57x_usbhostbase.o(i.USBHostTransact))
<BR><BR>[Stack]<UL><LI>Max Depth = 72<LI>Call Chain = USBHostTransact &rArr; AnalyzeRootHub &rArr; __2printf
</UL>
<BR>[Calls]<UL><LI><a href="#[3a]">&gt;&gt;</a>&nbsp;&nbsp;&nbsp;mDelayuS
<LI><a href="#[28]">&gt;&gt;</a>&nbsp;&nbsp;&nbsp;AnalyzeRootHub
</UL>
<BR>[Called By]<UL><LI><a href="#[2d]">&gt;&gt;</a>&nbsp;&nbsp;&nbsp;HostCtrlTransfer
<LI><a href="#[42]">&gt;&gt;</a>&nbsp;&nbsp;&nbsp;PollKeyboard
</UL>

<P><STRONG><a name="[50]"></a>USB_HostInit</STRONG> (Thumb, 78 bytes, Stack size 4 bytes, ch57x_usbhostbase.o(i.USB_HostInit))
<BR><BR>[Stack]<UL><LI>Max Depth = 4<LI>Call Chain = USB_HostInit
</UL>
<BR>[Calls]<UL><LI><a href="#[29]">&gt;&gt;</a>&nbsp;&nbsp;&nbsp;DisableRootHubPort
</UL>
<BR>[Called By]<UL><LI><a href="#[1a]">&gt;&gt;</a>&nbsp;&nbsp;&nbsp;main
</UL>

<P><STRONG><a name="[51]"></a>__0printf$8</STRONG> (Thumb, 24 bytes, Stack size 24 bytes, printf8.o(i.__0printf$8), UNUSED)
<BR><BR>[Calls]<UL><LI><a href="#[52]">&gt;&gt;</a>&nbsp;&nbsp;&nbsp;_printf_core
</UL>

<P><STRONG><a name="[65]"></a>__1printf$8</STRONG> (Thumb, 0 bytes, Stack size 24 bytes, printf8.o(i.__0printf$8), UNUSED)

<P><STRONG><a name="[2a]"></a>__2printf</STRONG> (Thumb, 0 bytes, Stack size 24 bytes, printf8.o(i.__0printf$8))
<BR><BR>[Stack]<UL><LI>Max Depth = 24<LI>Call Chain = __2printf
</UL>
<BR>[Called By]<UL><LI><a href="#[3c]">&gt;&gt;</a>&nbsp;&nbsp;&nbsp;InitRootDevice
<LI><a href="#[28]">&gt;&gt;</a>&nbsp;&nbsp;&nbsp;AnalyzeRootHub
</UL>

<P><STRONG><a name="[35]"></a>__ARM_common_switch8</STRONG> (Thumb, 28 bytes, Stack size 8 bytes, main.o(i.__ARM_common_switch8))
<BR><BR>[Stack]<UL><LI>Max Depth = 8<LI>Call Chain = __ARM_common_switch8
</UL>
<BR>[Called By]<UL><LI><a href="#[47]">&gt;&gt;</a>&nbsp;&nbsp;&nbsp;SetSysClock
<LI><a href="#[34]">&gt;&gt;</a>&nbsp;&nbsp;&nbsp;GPIOA_ModeCfg
<LI><a href="#[44]">&gt;&gt;</a>&nbsp;&nbsp;&nbsp;scancode_to_str
</UL>

<P><STRONG><a name="[66]"></a>__scatterload_copy</STRONG> (Thumb, 14 bytes, Stack size unknown bytes, handlers.o(i.__scatterload_copy), UNUSED)

<P><STRONG><a name="[67]"></a>__scatterload_null</STRONG> (Thumb, 2 bytes, Stack size unknown bytes, handlers.o(i.__scatterload_null), UNUSED)

<P><STRONG><a name="[68]"></a>__scatterload_zeroinit</STRONG> (Thumb, 14 bytes, Stack size unknown bytes, handlers.o(i.__scatterload_zeroinit), UNUSED)

<P><STRONG><a name="[1d]"></a>fputc</STRONG> (Thumb, 16 bytes, Stack size 0 bytes, ch57x_sys.o(i.fputc))
<BR>[Address Reference Count : 1]<UL><LI> printf8.o(i.__0printf$8)
</UL>
<P><STRONG><a name="[32]"></a>mDelaymS</STRONG> (Thumb, 26 bytes, Stack size 12 bytes, ch57x_sys.o(i.mDelaymS))
<BR><BR>[Stack]<UL><LI>Max Depth = 20<LI>Call Chain = mDelaymS &rArr; mDelayuS
</UL>
<BR>[Calls]<UL><LI><a href="#[3a]">&gt;&gt;</a>&nbsp;&nbsp;&nbsp;mDelayuS
</UL>
<BR>[Called By]<UL><LI><a href="#[3c]">&gt;&gt;</a>&nbsp;&nbsp;&nbsp;InitRootDevice
<LI><a href="#[1a]">&gt;&gt;</a>&nbsp;&nbsp;&nbsp;main
<LI><a href="#[3d]">&gt;&gt;</a>&nbsp;&nbsp;&nbsp;ResetRootHubPort
<LI><a href="#[30]">&gt;&gt;</a>&nbsp;&nbsp;&nbsp;CtrlSetUsbAddress
</UL>

<P><STRONG><a name="[3a]"></a>mDelayuS</STRONG> (Thumb, 34 bytes, Stack size 8 bytes, ch57x_sys.o(i.mDelayuS))
<BR><BR>[Stack]<UL><LI>Max Depth = 8<LI>Call Chain = mDelayuS
</UL>
<BR>[Called By]<UL><LI><a href="#[46]">&gt;&gt;</a>&nbsp;&nbsp;&nbsp;PowerMonitor
<LI><a href="#[1b]">&gt;&gt;</a>&nbsp;&nbsp;&nbsp;SystemInit
<LI><a href="#[32]">&gt;&gt;</a>&nbsp;&nbsp;&nbsp;mDelaymS
<LI><a href="#[3b]">&gt;&gt;</a>&nbsp;&nbsp;&nbsp;USBHostTransact
<LI><a href="#[2d]">&gt;&gt;</a>&nbsp;&nbsp;&nbsp;HostCtrlTransfer
<LI><a href="#[3d]">&gt;&gt;</a>&nbsp;&nbsp;&nbsp;ResetRootHubPort
</UL>

<P><STRONG><a name="[1a]"></a>main</STRONG> (Thumb, 574 bytes, Stack size 8 bytes, main.o(i.main))
<BR><BR>[Stack]<UL><LI>Max Depth = 160<LI>Call Chain = main &rArr; InitRootDevice &rArr; CtrlGetHubDescr &rArr; HostCtrlTransfer &rArr; USBHostTransact &rArr; AnalyzeRootHub &rArr; __2printf
</UL>
<BR>[Calls]<UL><LI><a href="#[32]">&gt;&gt;</a>&nbsp;&nbsp;&nbsp;mDelaymS
<LI><a href="#[50]">&gt;&gt;</a>&nbsp;&nbsp;&nbsp;USB_HostInit
<LI><a href="#[4f]">&gt;&gt;</a>&nbsp;&nbsp;&nbsp;UART1_DefInit
<LI><a href="#[47]">&gt;&gt;</a>&nbsp;&nbsp;&nbsp;SetSysClock
<LI><a href="#[55]">&gt;&gt;</a>&nbsp;&nbsp;&nbsp;PWR_UnitModCfg
<LI><a href="#[3c]">&gt;&gt;</a>&nbsp;&nbsp;&nbsp;InitRootDevice
<LI><a href="#[34]">&gt;&gt;</a>&nbsp;&nbsp;&nbsp;GPIOA_ModeCfg
<LI><a href="#[28]">&gt;&gt;</a>&nbsp;&nbsp;&nbsp;AnalyzeRootHub
<LI><a href="#[43]">&gt;&gt;</a>&nbsp;&nbsp;&nbsp;up_puts
<LI><a href="#[58]">&gt;&gt;</a>&nbsp;&nbsp;&nbsp;up_putdec
<LI><a href="#[56]">&gt;&gt;</a>&nbsp;&nbsp;&nbsp;up_printf
<LI><a href="#[42]">&gt;&gt;</a>&nbsp;&nbsp;&nbsp;PollKeyboard
<LI><a href="#[39]">&gt;&gt;</a>&nbsp;&nbsp;&nbsp;HID_SetProtocol
<LI><a href="#[38]">&gt;&gt;</a>&nbsp;&nbsp;&nbsp;HID_SetIdle
<LI><a href="#[37]">&gt;&gt;</a>&nbsp;&nbsp;&nbsp;HID_GetReportDescr
<LI><a href="#[57]">&gt;&gt;</a>&nbsp;&nbsp;&nbsp;FindHID_IN_Endeps
</UL>
<BR>[Address Reference Count : 1]<UL><LI> entry9a.o(.ARM.Collect$$$$0000000B)
</UL><P>
<H3>
Local Symbols
</H3>
<P><STRONG><a name="[57]"></a>FindHID_IN_Endeps</STRONG> (Thumb, 206 bytes, Stack size 28 bytes, main.o(i.FindHID_IN_Endeps))
<BR><BR>[Stack]<UL><LI>Max Depth = 28<LI>Call Chain = FindHID_IN_Endeps
</UL>
<BR>[Called By]<UL><LI><a href="#[1a]">&gt;&gt;</a>&nbsp;&nbsp;&nbsp;main
</UL>

<P><STRONG><a name="[37]"></a>HID_GetReportDescr</STRONG> (Thumb, 42 bytes, Stack size 24 bytes, main.o(i.HID_GetReportDescr))
<BR><BR>[Stack]<UL><LI>Max Depth = 136<LI>Call Chain = HID_GetReportDescr &rArr; HostCtrlTransfer &rArr; USBHostTransact &rArr; AnalyzeRootHub &rArr; __2printf
</UL>
<BR>[Calls]<UL><LI><a href="#[2d]">&gt;&gt;</a>&nbsp;&nbsp;&nbsp;HostCtrlTransfer
<LI><a href="#[2c]">&gt;&gt;</a>&nbsp;&nbsp;&nbsp;CopySetupReqPkg
</UL>
<BR>[Called By]<UL><LI><a href="#[1a]">&gt;&gt;</a>&nbsp;&nbsp;&nbsp;main
</UL>

<P><STRONG><a name="[38]"></a>HID_SetIdle</STRONG> (Thumb, 58 bytes, Stack size 24 bytes, main.o(i.HID_SetIdle))
<BR><BR>[Stack]<UL><LI>Max Depth = 136<LI>Call Chain = HID_SetIdle &rArr; HostCtrlTransfer &rArr; USBHostTransact &rArr; AnalyzeRootHub &rArr; __2printf
</UL>
<BR>[Calls]<UL><LI><a href="#[2d]">&gt;&gt;</a>&nbsp;&nbsp;&nbsp;HostCtrlTransfer
<LI><a href="#[2c]">&gt;&gt;</a>&nbsp;&nbsp;&nbsp;CopySetupReqPkg
</UL>
<BR>[Called By]<UL><LI><a href="#[1a]">&gt;&gt;</a>&nbsp;&nbsp;&nbsp;main
</UL>

<P><STRONG><a name="[39]"></a>HID_SetProtocol</STRONG> (Thumb, 58 bytes, Stack size 24 bytes, main.o(i.HID_SetProtocol))
<BR><BR>[Stack]<UL><LI>Max Depth = 136<LI>Call Chain = HID_SetProtocol &rArr; HostCtrlTransfer &rArr; USBHostTransact &rArr; AnalyzeRootHub &rArr; __2printf
</UL>
<BR>[Calls]<UL><LI><a href="#[2d]">&gt;&gt;</a>&nbsp;&nbsp;&nbsp;HostCtrlTransfer
<LI><a href="#[2c]">&gt;&gt;</a>&nbsp;&nbsp;&nbsp;CopySetupReqPkg
</UL>
<BR>[Called By]<UL><LI><a href="#[1a]">&gt;&gt;</a>&nbsp;&nbsp;&nbsp;main
</UL>

<P><STRONG><a name="[42]"></a>PollKeyboard</STRONG> (Thumb, 368 bytes, Stack size 40 bytes, main.o(i.PollKeyboard))
<BR><BR>[Stack]<UL><LI>Max Depth = 112<LI>Call Chain = PollKeyboard &rArr; USBHostTransact &rArr; AnalyzeRootHub &rArr; __2printf
</UL>
<BR>[Calls]<UL><LI><a href="#[3b]">&gt;&gt;</a>&nbsp;&nbsp;&nbsp;USBHostTransact
<LI><a href="#[43]">&gt;&gt;</a>&nbsp;&nbsp;&nbsp;up_puts
<LI><a href="#[45]">&gt;&gt;</a>&nbsp;&nbsp;&nbsp;up_puthex
<LI><a href="#[44]">&gt;&gt;</a>&nbsp;&nbsp;&nbsp;scancode_to_str
</UL>
<BR>[Called By]<UL><LI><a href="#[1a]">&gt;&gt;</a>&nbsp;&nbsp;&nbsp;main
</UL>

<P><STRONG><a name="[59]"></a>putc1</STRONG> (Thumb, 16 bytes, Stack size 0 bytes, main.o(i.putc1))
<BR><BR>[Called By]<UL><LI><a href="#[43]">&gt;&gt;</a>&nbsp;&nbsp;&nbsp;up_puts
<LI><a href="#[56]">&gt;&gt;</a>&nbsp;&nbsp;&nbsp;up_printf
</UL>

<P><STRONG><a name="[44]"></a>scancode_to_str</STRONG> (Thumb, 230 bytes, Stack size 4 bytes, main.o(i.scancode_to_str))
<BR><BR>[Stack]<UL><LI>Max Depth = 12<LI>Call Chain = scancode_to_str &rArr; __ARM_common_switch8
</UL>
<BR>[Calls]<UL><LI><a href="#[35]">&gt;&gt;</a>&nbsp;&nbsp;&nbsp;__ARM_common_switch8
</UL>
<BR>[Called By]<UL><LI><a href="#[42]">&gt;&gt;</a>&nbsp;&nbsp;&nbsp;PollKeyboard
</UL>

<P><STRONG><a name="[56]"></a>up_printf</STRONG> (Thumb, 116 bytes, Stack size 32 bytes, main.o(i.up_printf))
<BR><BR>[Stack]<UL><LI>Max Depth = 68<LI>Call Chain = up_printf &rArr; up_putdec &rArr; __aeabi_uidivmod
</UL>
<BR>[Calls]<UL><LI><a href="#[43]">&gt;&gt;</a>&nbsp;&nbsp;&nbsp;up_puts
<LI><a href="#[45]">&gt;&gt;</a>&nbsp;&nbsp;&nbsp;up_puthex
<LI><a href="#[58]">&gt;&gt;</a>&nbsp;&nbsp;&nbsp;up_putdec
<LI><a href="#[59]">&gt;&gt;</a>&nbsp;&nbsp;&nbsp;putc1
</UL>
<BR>[Called By]<UL><LI><a href="#[1a]">&gt;&gt;</a>&nbsp;&nbsp;&nbsp;main
</UL>

<P><STRONG><a name="[58]"></a>up_putdec</STRONG> (Thumb, 56 bytes, Stack size 24 bytes, main.o(i.up_putdec))
<BR><BR>[Stack]<UL><LI>Max Depth = 36<LI>Call Chain = up_putdec &rArr; __aeabi_uidivmod
</UL>
<BR>[Calls]<UL><LI><a href="#[43]">&gt;&gt;</a>&nbsp;&nbsp;&nbsp;up_puts
<LI><a href="#[23]">&gt;&gt;</a>&nbsp;&nbsp;&nbsp;__aeabi_uidivmod
</UL>
<BR>[Called By]<UL><LI><a href="#[1a]">&gt;&gt;</a>&nbsp;&nbsp;&nbsp;main
<LI><a href="#[56]">&gt;&gt;</a>&nbsp;&nbsp;&nbsp;up_printf
</UL>

<P><STRONG><a name="[45]"></a>up_puthex</STRONG> (Thumb, 46 bytes, Stack size 24 bytes, main.o(i.up_puthex))
<BR><BR>[Stack]<UL><LI>Max Depth = 32<LI>Call Chain = up_puthex &rArr; up_puts
</UL>
<BR>[Calls]<UL><LI><a href="#[43]">&gt;&gt;</a>&nbsp;&nbsp;&nbsp;up_puts
</UL>
<BR>[Called By]<UL><LI><a href="#[56]">&gt;&gt;</a>&nbsp;&nbsp;&nbsp;up_printf
<LI><a href="#[42]">&gt;&gt;</a>&nbsp;&nbsp;&nbsp;PollKeyboard
</UL>

<P><STRONG><a name="[43]"></a>up_puts</STRONG> (Thumb, 22 bytes, Stack size 8 bytes, main.o(i.up_puts))
<BR><BR>[Stack]<UL><LI>Max Depth = 8<LI>Call Chain = up_puts
</UL>
<BR>[Calls]<UL><LI><a href="#[59]">&gt;&gt;</a>&nbsp;&nbsp;&nbsp;putc1
</UL>
<BR>[Called By]<UL><LI><a href="#[1a]">&gt;&gt;</a>&nbsp;&nbsp;&nbsp;main
<LI><a href="#[45]">&gt;&gt;</a>&nbsp;&nbsp;&nbsp;up_puthex
<LI><a href="#[58]">&gt;&gt;</a>&nbsp;&nbsp;&nbsp;up_putdec
<LI><a href="#[56]">&gt;&gt;</a>&nbsp;&nbsp;&nbsp;up_printf
<LI><a href="#[42]">&gt;&gt;</a>&nbsp;&nbsp;&nbsp;PollKeyboard
</UL>

<P><STRONG><a name="[4a]"></a>SYS_IsClkINT32MPon</STRONG> (Thumb, 12 bytes, Stack size 0 bytes, ch57x_clk.o(i.SYS_IsClkINT32MPon))
<BR><BR>[Called By]<UL><LI><a href="#[47]">&gt;&gt;</a>&nbsp;&nbsp;&nbsp;SetSysClock
</UL>

<P><STRONG><a name="[48]"></a>SYS_IsClkXT32MPon</STRONG> (Thumb, 12 bytes, Stack size 0 bytes, ch57x_clk.o(i.SYS_IsClkXT32MPon))
<BR><BR>[Called By]<UL><LI><a href="#[47]">&gt;&gt;</a>&nbsp;&nbsp;&nbsp;SetSysClock
</UL>

<P><STRONG><a name="[4c]"></a>SYS_IsPLLPon</STRONG> (Thumb, 12 bytes, Stack size 0 bytes, ch57x_clk.o(i.SYS_IsPLLPon))
<BR><BR>[Called By]<UL><LI><a href="#[47]">&gt;&gt;</a>&nbsp;&nbsp;&nbsp;SetSysClock
</UL>

<P><STRONG><a name="[52]"></a>_printf_core</STRONG> (Thumb, 1020 bytes, Stack size 104 bytes, printf8.o(i._printf_core), UNUSED)
<BR><BR>[Calls]<UL><LI><a href="#[53]">&gt;&gt;</a>&nbsp;&nbsp;&nbsp;_printf_pre_padding
<LI><a href="#[54]">&gt;&gt;</a>&nbsp;&nbsp;&nbsp;_printf_post_padding
<LI><a href="#[24]">&gt;&gt;</a>&nbsp;&nbsp;&nbsp;__aeabi_uldivmod
</UL>
<BR>[Called By]<UL><LI><a href="#[51]">&gt;&gt;</a>&nbsp;&nbsp;&nbsp;__0printf$8
</UL>

<P><STRONG><a name="[54]"></a>_printf_post_padding</STRONG> (Thumb, 32 bytes, Stack size 24 bytes, printf8.o(i._printf_post_padding), UNUSED)
<BR><BR>[Called By]<UL><LI><a href="#[52]">&gt;&gt;</a>&nbsp;&nbsp;&nbsp;_printf_core
</UL>

<P><STRONG><a name="[53]"></a>_printf_pre_padding</STRONG> (Thumb, 44 bytes, Stack size 40 bytes, printf8.o(i._printf_pre_padding), UNUSED)
<BR><BR>[Called By]<UL><LI><a href="#[52]">&gt;&gt;</a>&nbsp;&nbsp;&nbsp;_printf_core
</UL>
<P>
<H3>
Undefined Global Symbols
</H3>
<P><STRONG><a name="[21]"></a>__arm_fini_</STRONG> (Unknown, 0 bytes, Stack size 0 bytes, UNDEFINED)
<BR><BR>[Called By]<UL><LI><a href="#[20]">&gt;&gt;</a>&nbsp;&nbsp;&nbsp;__rt_lib_shutdown_fini
</UL>
<HR></body></html>
