<html>
<body>
<pre>
<h1>µVision Build Log</h1>
<h2>Tool Versions:</h2>
IDE-Version: ¦ÌVision V5.40.0.0
Copyright (C) 2024 ARM Ltd and ARM Germany GmbH. All rights reserved.
License Information: 1 2, 12, LIC=14HV2-9BAK0-2ZRW4-FJ15N-BVKYT-L313M
 
Tool Versions:
Toolchain:       MDK-ARM Plus  Version: 5.40.0.3
Toolchain Path:  D:\Keil_v5\ARM\ARMCC\Bin
C Compiler:      Armcc.exe V5.06 update 7 (build 960)
Assembler:       Armasm.exe V5.06 update 7 (build 960)
Linker/Locator:  ArmLink.exe V5.06 update 7 (build 960)
Library Manager: ArmAr.exe V5.06 update 7 (build 960)
Hex Converter:   FromElf.exe V5.06 update 7 (build 960)
CPU DLL:         SARMCM3.DLL V5.40.0.3
Dialog DLL:      DARMCM1.DLL V1.19.6.0
Target DLL:      STLink\ST-LINKIII-KEIL_SWO.dll V3.3.0.0
Dialog DLL:      TARMCM1.DLL V1.14.6.0
 
<h2>Project:</h2>
E:\MeWork\CH579M\CH579_USB_Host_HID_pro\project\CH579_USB_Host_HID.uvprojx
Project File Date:  08/08/2026

<h2>Output:</h2>
*** Using Compiler 'V5.06 update 7 (build 960)', folder: 'D:\Keil_v5\ARM\ARMCC\Bin'
Build target 'Target 1'
compiling main.c...
linking...
Program Size: Code=8330 RO-data=266 RW-data=44 ZI-data=272  
FromELF: creating hex file...
".\Objects\CH579_USB_Host_HID.axf" - 0 Error(s), 0 Warning(s).

<h2>Software Packages used:</h2>

Package Vendor: Keil
                http://wch.cn/pack/Keil.WCH57x_DFP.1.0.0.pack
                Keil::WCH57x_DFP@1.0.0
                WCH wireless MCU CH57x Family Support, Drivers and Examples

<h2>Collection of Component include folders:</h2>
  D:/Keil_v5/PACK/Keil/WCH57x_DFP/1.0.0/Drivers/CMSIS/Device/WCH/CH57x/Include

<h2>Collection of Component Files used:</h2>
Build Time Elapsed:  00:00:01
</pre>
</body>
</html>
